Component: Arm Compiler for Embedded 6.23 Tool: armlink [5f102400]

==============================================================================

Section Cross References

    hc32_ll.o(.ARM.exidx.text.LL_PERIPH_WE) refers to hc32_ll.o(.text.LL_PERIPH_WE) for [Anonymous Symbol]
    hc32_ll.o(.ARM.exidx.text.LL_PERIPH_WP) refers to hc32_ll.o(.text.LL_PERIPH_WP) for [Anonymous Symbol]
    hc32_ll_clk.o(.text.CLK_LrcCmd) refers to hc32_ll_clk.o(.rodata.str1.1) for .L.str
    hc32_ll_clk.o(.text.CLK_LrcCmd) refers to hc32_ll_utility.o(.text.DDL_AssertHandler) for DDL_AssertHandler
    hc32_ll_clk.o(.text.CLK_LrcCmd) refers to hc32_ll_utility.o(.text.DDL_DelayUS) for DDL_DelayUS
    hc32_ll_clk.o(.ARM.exidx.text.CLK_LrcCmd) refers to hc32_ll_clk.o(.text.CLK_LrcCmd) for [Anonymous Symbol]
    hc32_ll_clk.o(.text.CLK_MrcCmd) refers to hc32_ll_clk.o(.rodata.str1.1) for .L.str
    hc32_ll_clk.o(.text.CLK_MrcCmd) refers to hc32_ll_utility.o(.text.DDL_AssertHandler) for DDL_AssertHandler
    hc32_ll_clk.o(.text.CLK_MrcCmd) refers to hc32_ll_utility.o(.text.DDL_DelayUS) for DDL_DelayUS
    hc32_ll_clk.o(.ARM.exidx.text.CLK_MrcCmd) refers to hc32_ll_clk.o(.text.CLK_MrcCmd) for [Anonymous Symbol]
    hc32_ll_clk.o(.text.CLK_HrcCmd) refers to hc32_ll_clk.o(.rodata.str1.1) for .L.str
    hc32_ll_clk.o(.text.CLK_HrcCmd) refers to hc32_ll_utility.o(.text.DDL_AssertHandler) for DDL_AssertHandler
    hc32_ll_clk.o(.ARM.exidx.text.CLK_HrcCmd) refers to hc32_ll_clk.o(.text.CLK_HrcCmd) for [Anonymous Symbol]
    hc32_ll_clk.o(.text.CLK_HrcTrim) refers to hc32_ll_clk.o(.rodata.str1.1) for .L.str
    hc32_ll_clk.o(.text.CLK_HrcTrim) refers to hc32_ll_utility.o(.text.DDL_AssertHandler) for DDL_AssertHandler
    hc32_ll_clk.o(.ARM.exidx.text.CLK_HrcTrim) refers to hc32_ll_clk.o(.text.CLK_HrcTrim) for [Anonymous Symbol]
    hc32_ll_clk.o(.text.CLK_MrcTrim) refers to hc32_ll_clk.o(.rodata.str1.1) for .L.str
    hc32_ll_clk.o(.text.CLK_MrcTrim) refers to hc32_ll_utility.o(.text.DDL_AssertHandler) for DDL_AssertHandler
    hc32_ll_clk.o(.ARM.exidx.text.CLK_MrcTrim) refers to hc32_ll_clk.o(.text.CLK_MrcTrim) for [Anonymous Symbol]
    hc32_ll_clk.o(.text.CLK_LrcTrim) refers to hc32_ll_clk.o(.rodata.str1.1) for .L.str
    hc32_ll_clk.o(.text.CLK_LrcTrim) refers to hc32_ll_utility.o(.text.DDL_AssertHandler) for DDL_AssertHandler
    hc32_ll_clk.o(.ARM.exidx.text.CLK_LrcTrim) refers to hc32_ll_clk.o(.text.CLK_LrcTrim) for [Anonymous Symbol]
    hc32_ll_clk.o(.ARM.exidx.text.CLK_XtalStructInit) refers to hc32_ll_clk.o(.text.CLK_XtalStructInit) for [Anonymous Symbol]
    hc32_ll_clk.o(.text.CLK_XtalInit) refers to hc32_ll_clk.o(.rodata.str1.1) for .L.str
    hc32_ll_clk.o(.text.CLK_XtalInit) refers to hc32_ll_utility.o(.text.DDL_AssertHandler) for DDL_AssertHandler
    hc32_ll_clk.o(.ARM.exidx.text.CLK_XtalInit) refers to hc32_ll_clk.o(.text.CLK_XtalInit) for [Anonymous Symbol]
    hc32_ll_clk.o(.text.CLK_XtalCmd) refers to hc32_ll_clk.o(.rodata.str1.1) for .L.str
    hc32_ll_clk.o(.text.CLK_XtalCmd) refers to hc32_ll_utility.o(.text.DDL_AssertHandler) for DDL_AssertHandler
    hc32_ll_clk.o(.ARM.exidx.text.CLK_XtalCmd) refers to hc32_ll_clk.o(.text.CLK_XtalCmd) for [Anonymous Symbol]
    hc32_ll_clk.o(.ARM.exidx.text.CLK_XtalStdStructInit) refers to hc32_ll_clk.o(.text.CLK_XtalStdStructInit) for [Anonymous Symbol]
    hc32_ll_clk.o(.text.CLK_XtalStdInit) refers to hc32_ll_clk.o(.rodata.str1.1) for .L.str
    hc32_ll_clk.o(.text.CLK_XtalStdInit) refers to hc32_ll_utility.o(.text.DDL_AssertHandler) for DDL_AssertHandler
    hc32_ll_clk.o(.ARM.exidx.text.CLK_XtalStdInit) refers to hc32_ll_clk.o(.text.CLK_XtalStdInit) for [Anonymous Symbol]
    hc32_ll_clk.o(.text.CLK_ClearXtalStdStatus) refers to hc32_ll_clk.o(.rodata.str1.1) for .L.str
    hc32_ll_clk.o(.text.CLK_ClearXtalStdStatus) refers to hc32_ll_utility.o(.text.DDL_AssertHandler) for DDL_AssertHandler
    hc32_ll_clk.o(.ARM.exidx.text.CLK_ClearXtalStdStatus) refers to hc32_ll_clk.o(.text.CLK_ClearXtalStdStatus) for [Anonymous Symbol]
    hc32_ll_clk.o(.ARM.exidx.text.CLK_GetXtalStdStatus) refers to hc32_ll_clk.o(.text.CLK_GetXtalStdStatus) for [Anonymous Symbol]
    hc32_ll_clk.o(.ARM.exidx.text.CLK_Xtal32StructInit) refers to hc32_ll_clk.o(.text.CLK_Xtal32StructInit) for [Anonymous Symbol]
    hc32_ll_clk.o(.text.CLK_Xtal32Init) refers to hc32_ll_clk.o(.rodata.str1.1) for .L.str
    hc32_ll_clk.o(.text.CLK_Xtal32Init) refers to hc32_ll_utility.o(.text.DDL_AssertHandler) for DDL_AssertHandler
    hc32_ll_clk.o(.text.CLK_Xtal32Init) refers to hc32_ll_utility.o(.text.DDL_DelayUS) for DDL_DelayUS
    hc32_ll_clk.o(.ARM.exidx.text.CLK_Xtal32Init) refers to hc32_ll_clk.o(.text.CLK_Xtal32Init) for [Anonymous Symbol]
    hc32_ll_clk.o(.text.CLK_Xtal32Cmd) refers to hc32_ll_clk.o(.rodata.str1.1) for .L.str
    hc32_ll_clk.o(.text.CLK_Xtal32Cmd) refers to hc32_ll_utility.o(.text.DDL_AssertHandler) for DDL_AssertHandler
[...]
    _printf_charcount                        0x00000000   Number         0  printfstubs.o ABSOLUTE
    _printf_d                                0x00000000   Number         0  printfstubs.o ABSOLUTE
    _printf_e                                0x00000000   Number         0  printfstubs.o ABSOLUTE
    _printf_f                                0x00000000   Number         0  printfstubs.o ABSOLUTE
    _printf_flags                            0x00000000   Number         0  printfstubs.o ABSOLUTE
    _printf_fp_dec                           0x00000000   Number         0  printfstubs.o ABSOLUTE
    _printf_fp_hex                           0x00000000   Number         0  printfstubs.o ABSOLUTE
    _printf_g                                0x00000000   Number         0  printfstubs.o ABSOLUTE
    _printf_i                                0x00000000   Number         0  printfstubs.o ABSOLUTE
    _printf_int_dec                          0x00000000   Number         0  printfstubs.o ABSOLUTE
    _printf_l                                0x00000000   Number         0  printfstubs.o ABSOLUTE
    _printf_lc                               0x00000000   Number         0  printfstubs.o ABSOLUTE
    _printf_ll                               0x00000000   Number         0  printfstubs.o ABSOLUTE
    _printf_lld                              0x00000000   Number         0  printfstubs.o ABSOLUTE
    _printf_lli                              0x00000000   Number         0  printfstubs.o ABSOLUTE
    _printf_llo                              0x00000000   Number         0  printfstubs.o ABSOLUTE
    _printf_llu                              0x00000000   Number         0  printfstubs.o ABSOLUTE
    _printf_llx                              0x00000000   Number         0  printfstubs.o ABSOLUTE
    _printf_longlong_dec                     0x00000000   Number         0  printfstubs.o ABSOLUTE
    _printf_longlong_hex                     0x00000000   Number         0  printfstubs.o ABSOLUTE
    _printf_longlong_oct                     0x00000000   Number         0  printfstubs.o ABSOLUTE
    _printf_ls                               0x00000000   Number         0  printfstubs.o ABSOLUTE
    _printf_mbtowc                           0x00000000   Number         0  printfstubs.o ABSOLUTE
    _printf_n                                0x00000000   Number         0  printfstubs.o ABSOLUTE
    _printf_o                                0x00000000   Number         0  printfstubs.o ABSOLUTE
    _printf_p                                0x00000000   Number         0  printfstubs.o ABSOLUTE
    _printf_percent                          0x00000000   Number         0  printfstubs.o ABSOLUTE
    _printf_pre_padding                      0x00000000   Number         0  printfstubs.o ABSOLUTE
    _printf_return_value                     0x00000000   Number         0  printfstubs.o ABSOLUTE
    _printf_s                                0x00000000   Number         0  printfstubs.o ABSOLUTE
    _printf_sizespec                         0x00000000   Number         0  printfstubs.o ABSOLUTE
    _printf_str                              0x00000000   Number         0  printfstubs.o ABSOLUTE
    _printf_truncate_signed                  0x00000000   Number         0  printfstubs.o ABSOLUTE
    _printf_truncate_unsigned                0x00000000   Number         0  printfstubs.o ABSOLUTE
    _printf_u                                0x00000000   Number         0  printfstubs.o ABSOLUTE
    _printf_wc                               0x00000000   Number         0  printfstubs.o ABSOLUTE
    _printf_wctomb                           0x00000000   Number         0  printfstubs.o ABSOLUTE
    _printf_widthprec                        0x00000000   Number         0  printfstubs.o ABSOLUTE
    _printf_x                                0x00000000   Number         0  printfstubs.o ABSOLUTE
    __cpp_initialize__aeabi_                  - Undefined Weak Reference
    __cxa_finalize                            - Undefined Weak Reference
    __decompress                              - Undefined Weak Reference
    _clock_init                               - Undefined Weak Reference
    _microlib_exit                            - Undefined Weak Reference
    __Vectors_Size                           0x00000280   Number         0  startup_hc32f460.o ABSOLUTE
    Image$$ER_IROM1$$Base                    0x00010000   Number         0  anon$$obj.o ABSOLUTE
    __Vectors                                0x00010000   Data           4  startup_hc32f460.o(RESET)
    __Vectors_End                            0x00010280   Data           0  startup_hc32f460.o(RESET)
    __main                                   0x00010281   Thumb Code     0  entry.o(.ARM.Collect$$$$00000000)
    _main_stk                                0x00010281   Thumb Code     0  entry2.o(.ARM.Collect$$$$00000001)
    _main_scatterload                        0x00010285   Thumb Code     0  entry5.o(.ARM.Collect$$$$00000004)
    __main_after_scatterload                 0x00010289   Thumb Code     0  entry5.o(.ARM.Collect$$$$00000004)
    _main_clock                              0x00010289   Thumb Code     0  entry7b.o(.ARM.Collect$$$$00000008)
    _main_cpp_init                           0x00010289   Thumb Code     0  entry8b.o(.ARM.Collect$$$$0000000A)
    _main_init                               0x00010289   Thumb Code     0  entry9a.o(.ARM.Collect$$$$0000000B)
    __rt_final_cpp                           0x00010291   Thumb Code     0  entry10a.o(.ARM.Collect$$$$0000000D)
    __rt_final_exit                          0x00010291   Thumb Code     0  entry11a.o(.ARM.Collect$$$$0000000F)
    Reset_Handler                            0x00010295   Thumb Code    48  startup_hc32f460.o(.text)
    NMI_Handler                              0x000102c5   Thumb Code     2  startup_hc32f460.o(.text)
    MemManage_Handler                        0x000102c9   Thumb Code     2  startup_hc32f460.o(.text)
    BusFault_Handler                         0x000102cb   Thumb Code     2  startup_hc32f460.o(.text)
    UsageFault_Handler                       0x000102cd   Thumb Code     2  startup_hc32f460.o(.text)
    SVC_Handler                              0x000102cf   Thumb Code     2  startup_hc32f460.o(.text)
    DebugMon_Handler                         0x000102d1   Thumb Code     2  startup_hc32f460.o(.text)
    PendSV_Handler                           0x000102d3   Thumb Code     2  startup_hc32f460.o(.text)
    SysTick_Handler                          0x000102d5   Thumb Code     2  startup_hc32f460.o(.text)
    IRQ128_Handler                           0x000102d7   Thumb Code     0  startup_hc32f460.o(.text)
    IRQ129_Handler                           0x000102d7   Thumb Code     0  startup_hc32f460.o(.text)
    IRQ130_Handler                           0x000102d7   Thumb Code     0  startup_hc32f460.o(.text)
    IRQ131_Handler                           0x000102d7   Thumb Code     0  startup_hc32f460.o(.text)
    IRQ132_Handler                           0x000102d7   Thumb Code     0  startup_hc32f460.o(.text)
    IRQ133_Handler                           0x000102d7   Thumb Code     0  startup_hc32f460.o(.text)
    IRQ134_Handler                           0x000102d7   Thumb Code     0  startup_hc32f460.o(.text)
    IRQ135_Handler                           0x000102d7   Thumb Code     0  startup_hc32f460.o(.text)
    IRQ136_Handler                           0x000102d7   Thumb Code     0  startup_hc32f460.o(.text)
    IRQ137_Handler                           0x000102d7   Thumb Code     0  startup_hc32f460.o(.text)
    IRQ138_Handler                           0x000102d7   Thumb Code     0  startup_hc32f460.o(.text)
    IRQ139_Handler                           0x000102d7   Thumb Code     0  startup_hc32f460.o(.text)
    IRQ140_Handler                           0x000102d7   Thumb Code     0  startup_hc32f460.o(.text)
    IRQ141_Handler                           0x000102d7   Thumb Code     0  startup_hc32f460.o(.text)
    IRQ142_Handler                           0x000102d7   Thumb Code     0  startup_hc32f460.o(.text)
    IRQ143_Handler                           0x000102d7   Thumb Code     0  startup_hc32f460.o(.text)
    HardFault_Handler                        0x000102ed   Thumb Code    12  cmb_fault.o(.text)
    __aeabi_uldivmod                         0x000102f9   Thumb Code    98  uldiv.o(.text)
    __aeabi_memset                           0x0001035b   Thumb Code    14  memseta.o(.text)
    __aeabi_memset4                          0x0001035b   Thumb Code     0  memseta.o(.text)
    __aeabi_memset8                          0x0001035b   Thumb Code     0  memseta.o(.text)
    __aeabi_memclr                           0x00010369   Thumb Code     4  memseta.o(.text)
    __aeabi_memclr4                          0x00010369   Thumb Code     0  memseta.o(.text)
    __aeabi_memclr8                          0x00010369   Thumb Code     0  memseta.o(.text)
    _memset$wrapper                          0x0001036d   Thumb Code    18  memseta.o(.text)
    __aeabi_ddiv                             0x0001037f   Thumb Code   222  ddiv.o(.text)
    __aeabi_ui2d                             0x0001045d   Thumb Code    26  dfltui.o(.text)
    __aeabi_ul2d                             0x00010477   Thumb Code    24  dfltul.o(.text)
    __aeabi_d2f                              0x0001048f   Thumb Code    56  d2f.o(.text)
    __aeabi_llsl                             0x000104c7   Thumb Code    30  llshl.o(.text)
    _ll_shift_l                              0x000104c7   Thumb Code     0  llshl.o(.text)
    __aeabi_llsr                             0x000104e5   Thumb Code    32  llushr.o(.text)
    _ll_ushift_r                             0x000104e5   Thumb Code     0  llushr.o(.text)
    __I$use$fp                               0x00010505   Thumb Code     0  iusefp.o(.text)
    _float_round                             0x00010505   Thumb Code    18  fepilogue.o(.text)
    _float_epilogue                          0x00010517   Thumb Code    92  fepilogue.o(.text)
    _double_round                            0x00010573   Thumb Code    30  depilogue.o(.text)
    _double_epilogue                         0x00010591   Thumb Code   156  depilogue.o(.text)
    __scatterload                            0x0001062d   Thumb Code    38  init.o(.text)
    __scatterload_rt2                        0x0001062d   Thumb Code     0  init.o(.text)
    main                                     0x0001065d   Thumb Code   156  system_hc32f460.o(.text.$Sub$$main)
    ADV_7280_Send_Buff                       0x000106f9   Thumb Code   146  i2c.o(.text.ADV_7280_Send_Buff)
    AOS_SetTriggerEventSrc                   0x0001078d   Thumb Code    48  hc32_ll_aos.o(.text.AOS_SetTriggerEventSrc)
    ASC                                      0x000107bd   Thumb Code   220  videoprocess.o(.text.ASC)
    ASC_Not02                                0x00010899   Thumb Code   164  videoprocess.o(.text.ASC_Not02)
    AV_Connecte_Set                          0x0001093d   Thumb Code   100  videoprocess.o(.text.AV_Connecte_Set)
    BSP_CLK_Init                             0x000109bd   Thumb Code   182  ev_hc32f460_lqfp100_v2.o(.text.BSP_CLK_Init)
    BSP_LED_Init                             0x00010a75   Thumb Code    54  ev_hc32f460_lqfp100_v2.o(.text.BSP_LED_Init)
    BSP_LED_Off                              0x00010aad   Thumb Code    46  ev_hc32f460_lqfp100_v2.o(.text.BSP_LED_Off)
    BSP_LED_On                               0x00010add   Thumb Code    46  ev_hc32f460_lqfp100_v2.o(.text.BSP_LED_On)
    BSP_LED_Sw                               0x00010b0d   Thumb Code    80  ev_hc32f460_lqfp100_v2.o(.text.BSP_LED_Sw)
    BSP_LED_Toggle                           0x00010b5d   Thumb Code    46  ev_hc32f460_lqfp100_v2.o(.text.BSP_LED_Toggle)
    BSP_PRINTF_Preinit                       0x00010b8d   Thumb Code   168  ev_hc32f460_lqfp100_v2.o(.text.BSP_PRINTF_Preinit)
    CLK_GetStableStatus                      0x00010c3d   Thumb Code    46  hc32_ll_clk.o(.text.CLK_GetStableStatus)
    CLK_PLLCmd                               0x00010c6d   Thumb Code   202  hc32_ll_clk.o(.text.CLK_PLLCmd)
    CLK_PLLInit                              0x00010d39   Thumb Code   534  hc32_ll_clk.o(.text.CLK_PLLInit)
    CLK_PLLStructInit                        0x00010f51   Thumb Code    50  hc32_ll_clk.o(.text.CLK_PLLStructInit)
    CLK_SetClockDiv                          0x00010f85   Thumb Code   398  hc32_ll_clk.o(.text.CLK_SetClockDiv)
    CLK_SetSysClockSrc                       0x00011115   Thumb Code   188  hc32_ll_clk.o(.text.CLK_SetSysClockSrc)
    CLK_XtalInit                             0x000111d1   Thumb Code   332  hc32_ll_clk.o(.text.CLK_XtalInit)
    CLK_XtalStructInit                       0x0001131d   Thumb Code    30  hc32_ll_clk.o(.text.CLK_XtalStructInit)
    C_LED_ERR_BLUE                           0x0001133d   Thumb Code    14  ev_hc32f460_lqfp100_v2.o(.text.C_LED_ERR_BLUE)
    C_LED_ERR_GREEN                          0x0001134d   Thumb Code    14  ev_hc32f460_lqfp100_v2.o(.text.C_LED_ERR_GREEN)
    C_LED_ERR_RED                            0x0001135d   Thumb Code    14  ev_hc32f460_lqfp100_v2.o(.text.C_LED_ERR_RED)
    C_LED_OK                                 0x0001136d   Thumb Code    14  ev_hc32f460_lqfp100_v2.o(.text.C_LED_OK)
    Chip_Receive                             0x0001137d   Thumb Code   212  i2c.o(.text.Chip_Receive)
    DDL_AssertHandler                        0x00011451   Thumb Code    16  hc32_ll_utility.o(.text.DDL_AssertHandler)
    DDL_ConsoleOutputChar                    0x00011491   Thumb Code    92  hc32_ll_utility.o(.text.DDL_ConsoleOutputChar)
    DDL_DelayMS                              0x000114ed   Thumb Code    88  hc32_ll_utility.o(.text.DDL_DelayMS)
    DDL_DelayUS                              0x00011545   Thumb Code    92  hc32_ll_utility.o(.text.DDL_DelayUS)
    DMA_ChCmd                                0x000115a1   Thumb Code   366  hc32_ll_dma.o(.text.DMA_ChCmd)
    DMA_ClearTransCompleteStatus             0x00011711   Thumb Code    74  hc32_ll_dma.o(.text.DMA_ClearTransCompleteStatus)
    DMA_Cmd                                  0x0001175d   Thumb Code    66  hc32_ll_dma.o(.text.DMA_Cmd)
    DMA_Config                               0x000117a1   Thumb Code   606  uart_dma.o(.text.DMA_Config)
    DMA_GetTransCount                        0x00011a01   Thumb Code    74  hc32_ll_dma.o(.text.DMA_GetTransCount)
    DMA_Init                                 0x00011a4d   Thumb Code   278  hc32_ll_dma.o(.text.DMA_Init)
    DMA_LlpInit                              0x00011b65   Thumb Code   166  hc32_ll_dma.o(.text.DMA_LlpInit)
    DMA_LlpStructInit                        0x00011c0d   Thumb Code    22  hc32_ll_dma.o(.text.DMA_LlpStructInit)
    DMA_ReconfigCmd                          0x00011c25   Thumb Code    80  hc32_ll_dma.o(.text.DMA_ReconfigCmd)
    DMA_ReconfigLlpCmd                       0x00011c75   Thumb Code   112  hc32_ll_dma.o(.text.DMA_ReconfigLlpCmd)
    DMA_StructInit                           0x00011ce5   Thumb Code    34  hc32_ll_dma.o(.text.DMA_StructInit)
    DMA_TransCompleteIntCmd                  0x00011d09   Thumb Code   102  hc32_ll_dma.o(.text.DMA_TransCompleteIntCmd)
    EFM_FWMC_Cmd                             0x00011d71   Thumb Code    36  hc32_ll_efm.o(.text.EFM_FWMC_Cmd)
    EFM_Program                              0x00011d95   Thumb Code   572  hc32_ll_efm.o(.text.EFM_Program)
    EFM_SectorErase                          0x00011fd1   Thumb Code   308  hc32_ll_efm.o(.text.EFM_SectorErase)
    EFM_SetWaitCycle                         0x00012105   Thumb Code   146  hc32_ll_efm.o(.text.EFM_SetWaitCycle)
    FCG_Fcg0PeriphClockCmd                   0x00012199   Thumb Code    94  hc32_ll_fcg.o(.text.FCG_Fcg0PeriphClockCmd)
    FCG_Fcg1PeriphClockCmd                   0x000121f9   Thumb Code    74  hc32_ll_fcg.o(.text.FCG_Fcg1PeriphClockCmd)
    FCG_Fcg2PeriphClockCmd                   0x00012245   Thumb Code    74  hc32_ll_fcg.o(.text.FCG_Fcg2PeriphClockCmd)
    GPIO_AnalogCmd                           0x00012291   Thumb Code   106  hc32_ll_gpio.o(.text.GPIO_AnalogCmd)
    GPIO_Init                                0x000122fd   Thumb Code   450  hc32_ll_gpio.o(.text.GPIO_Init)
    GPIO_ReadInputPins                       0x000124c1   Thumb Code    64  hc32_ll_gpio.o(.text.GPIO_ReadInputPins)
    GPIO_ResetPins                           0x00012501   Thumb Code    62  hc32_ll_gpio.o(.text.GPIO_ResetPins)
    GPIO_SetFunc                             0x00012541   Thumb Code   150  hc32_ll_gpio.o(.text.GPIO_SetFunc)
    GPIO_SetPins                             0x000125d9   Thumb Code    62  hc32_ll_gpio.o(.text.GPIO_SetPins)
    GPIO_SetReadWaitCycle                    0x00012619   Thumb Code    70  hc32_ll_gpio.o(.text.GPIO_SetReadWaitCycle)
    GPIO_StructInit                          0x00012661   Thumb Code    26  hc32_ll_gpio.o(.text.GPIO_StructInit)
    GPIO_TogglePins                          0x0001267d   Thumb Code    62  hc32_ll_gpio.o(.text.GPIO_TogglePins)
    I2C_AckConfig                            0x000126bd   Thumb Code    94  hc32_ll_i2c.o(.text.I2C_AckConfig)
    I2C_BaudrateConfig                       0x0001271d   Thumb Code   424  hc32_ll_i2c.o(.text.I2C_BaudrateConfig)
    I2C_BusWaitCmd                           0x000128cd   Thumb Code    96  hc32_ll_i2c.o(.text.I2C_BusWaitCmd)
    I2C_Cmd                                  0x0001292d   Thumb Code    88  hc32_ll_i2c.o(.text.I2C_Cmd)
    I2C_DeInit                               0x00012985   Thumb Code    82  hc32_ll_i2c.o(.text.I2C_DeInit)
    I2C_Init                                 0x000129d9   Thumb Code   192  hc32_ll_i2c.o(.text.I2C_Init)
    I2C_MasterReceiveDataAndStop             0x00012a99   Thumb Code   640  hc32_ll_i2c.o(.text.I2C_MasterReceiveDataAndStop)
    I2C_Master_Transmit                      0x00012d19   Thumb Code   126  i2c.o(.text.I2C_Master_Transmit)
    I2C_Restart                              0x00012d99   Thumb Code   200  hc32_ll_i2c.o(.text.I2C_Restart)
    I2C_SWResetCmd                           0x00012e61   Thumb Code    88  hc32_ll_i2c.o(.text.I2C_SWResetCmd)
    I2C_Start                                0x00012eb9   Thumb Code   222  hc32_ll_i2c.o(.text.I2C_Start)
    I2C_Stop                                 0x00012f99   Thumb Code   252  hc32_ll_i2c.o(.text.I2C_Stop)
    I2C_StructInit                           0x00013095   Thumb Code    26  hc32_ll_i2c.o(.text.I2C_StructInit)
    I2C_TransAddr                            0x000130b1   Thumb Code   404  hc32_ll_i2c.o(.text.I2C_TransAddr)
    I2C_TransData                            0x00013245   Thumb Code   324  hc32_ll_i2c.o(.text.I2C_TransData)
    INTC_IrqSignIn                           0x00013389   Thumb Code   176  hc32_ll_interrupts.o(.text.INTC_IrqSignIn)
    IRQ000_Handler                           0x00013439   Thumb Code    20  hc32_ll_interrupts.o(.text.IRQ000_Handler)
    IRQ001_Handler                           0x0001344d   Thumb Code    20  hc32_ll_interrupts.o(.text.IRQ001_Handler)
    IRQ002_Handler                           0x00013461   Thumb Code    20  hc32_ll_interrupts.o(.text.IRQ002_Handler)
    IRQ003_Handler                           0x00013475   Thumb Code    20  hc32_ll_interrupts.o(.text.IRQ003_Handler)
    IRQ004_Handler                           0x00013489   Thumb Code    20  hc32_ll_interrupts.o(.text.IRQ004_Handler)
    IRQ005_Handler                           0x0001349d   Thumb Code    20  hc32_ll_interrupts.o(.text.IRQ005_Handler)
    IRQ006_Handler                           0x000134b1   Thumb Code    20  hc32_ll_interrupts.o(.text.IRQ006_Handler)
    IRQ007_Handler                           0x000134c5   Thumb Code    20  hc32_ll_interrupts.o(.text.IRQ007_Handler)
    IRQ008_Handler                           0x000134d9   Thumb Code    20  hc32_ll_interrupts.o(.text.IRQ008_Handler)
    IRQ009_Handler                           0x000134ed   Thumb Code    20  hc32_ll_interrupts.o(.text.IRQ009_Handler)
    IRQ010_Handler                           0x00013501   Thumb Code    20  hc32_ll_interrupts.o(.text.IRQ010_Handler)
    IRQ011_Handler                           0x00013515   Thumb Code    20  hc32_ll_interrupts.o(.text.IRQ011_Handler)
    IRQ012_Handler                           0x00013529   Thumb Code    20  hc32_ll_interrupts.o(.text.IRQ012_Handler)
    IRQ013_Handler                           0x0001353d   Thumb Code    20  hc32_ll_interrupts.o(.text.IRQ013_Handler)
    IRQ014_Handler                           0x00013551   Thumb Code    20  hc32_ll_interrupts.o(.text.IRQ014_Handler)
    IRQ015_Handler                           0x00013565   Thumb Code    20  hc32_ll_interrupts.o(.text.IRQ015_Handler)
    IRQ016_Handler                           0x00013579   Thumb Code    20  hc32_ll_interrupts.o(.text.IRQ016_Handler)
    IRQ017_Handler                           0x0001358d   Thumb Code    20  hc32_ll_interrupts.o(.text.IRQ017_Handler)
    IRQ018_Handler                           0x000135a1   Thumb Code    20  hc32_ll_interrupts.o(.text.IRQ018_Handler)
    IRQ019_Handler                           0x000135b5   Thumb Code    20  hc32_ll_interrupts.o(.text.IRQ019_Handler)
    IRQ020_Handler                           0x000135c9   Thumb Code    20  hc32_ll_interrupts.o(.text.IRQ020_Handler)
    IRQ021_Handler                           0x000135dd   Thumb Code    20  hc32_ll_interrupts.o(.text.IRQ021_Handler)
    IRQ022_Handler                           0x000135f1   Thumb Code    20  hc32_ll_interrupts.o(.text.IRQ022_Handler)
    IRQ023_Handler                           0x00013605   Thumb Code    20  hc32_ll_interrupts.o(.text.IRQ023_Handler)
    IRQ024_Handler                           0x00013619   Thumb Code    20  hc32_ll_interrupts.o(.text.IRQ024_Handler)
    IRQ025_Handler                           0x0001362d   Thumb Code    20  hc32_ll_interrupts.o(.text.IRQ025_Handler)
    IRQ026_Handler                           0x00013641   Thumb Code    20  hc32_ll_interrupts.o(.text.IRQ026_Handler)
    IRQ027_Handler                           0x00013655   Thumb Code    20  hc32_ll_interrupts.o(.text.IRQ027_Handler)
    IRQ028_Handler                           0x00013669   Thumb Code    20  hc32_ll_interrupts.o(.text.IRQ028_Handler)
    IRQ029_Handler                           0x0001367d   Thumb Code    20  hc32_ll_interrupts.o(.text.IRQ029_Handler)
    IRQ030_Handler                           0x00013691   Thumb Code    20  hc32_ll_interrupts.o(.text.IRQ030_Handler)
    IRQ031_Handler                           0x000136a5   Thumb Code    20  hc32_ll_interrupts.o(.text.IRQ031_Handler)
    IRQ032_Handler                           0x000136b9   Thumb Code    22  hc32_ll_interrupts.o(.text.IRQ032_Handler)
    IRQ033_Handler                           0x000136d1   Thumb Code    22  hc32_ll_interrupts.o(.text.IRQ033_Handler)
    IRQ034_Handler                           0x000136e9   Thumb Code    22  hc32_ll_interrupts.o(.text.IRQ034_Handler)
    IRQ035_Handler                           0x00013701   Thumb Code    22  hc32_ll_interrupts.o(.text.IRQ035_Handler)
    IRQ036_Handler                           0x00013719   Thumb Code    22  hc32_ll_interrupts.o(.text.IRQ036_Handler)
    IRQ037_Handler                           0x00013731   Thumb Code    22  hc32_ll_interrupts.o(.text.IRQ037_Handler)
    IRQ038_Handler                           0x00013749   Thumb Code    22  hc32_ll_interrupts.o(.text.IRQ038_Handler)
    IRQ039_Handler                           0x00013761   Thumb Code    22  hc32_ll_interrupts.o(.text.IRQ039_Handler)
    IRQ040_Handler                           0x00013779   Thumb Code    22  hc32_ll_interrupts.o(.text.IRQ040_Handler)
    IRQ041_Handler                           0x00013791   Thumb Code    22  hc32_ll_interrupts.o(.text.IRQ041_Handler)
    IRQ042_Handler                           0x000137a9   Thumb Code    22  hc32_ll_interrupts.o(.text.IRQ042_Handler)
    IRQ043_Handler                           0x000137c1   Thumb Code    22  hc32_ll_interrupts.o(.text.IRQ043_Handler)
    IRQ044_Handler                           0x000137d9   Thumb Code    22  hc32_ll_interrupts.o(.text.IRQ044_Handler)
    IRQ045_Handler                           0x000137f1   Thumb Code    22  hc32_ll_interrupts.o(.text.IRQ045_Handler)
    IRQ046_Handler                           0x00013809   Thumb Code    22  hc32_ll_interrupts.o(.text.IRQ046_Handler)
    IRQ047_Handler                           0x00013821   Thumb Code    22  hc32_ll_interrupts.o(.text.IRQ047_Handler)
    IRQ048_Handler                           0x00013839   Thumb Code    22  hc32_ll_interrupts.o(.text.IRQ048_Handler)
    IRQ049_Handler                           0x00013851   Thumb Code    22  hc32_ll_interrupts.o(.text.IRQ049_Handler)
    IRQ050_Handler                           0x00013869   Thumb Code    22  hc32_ll_interrupts.o(.text.IRQ050_Handler)
    IRQ051_Handler                           0x00013881   Thumb Code    22  hc32_ll_interrupts.o(.text.IRQ051_Handler)
    IRQ052_Handler                           0x00013899   Thumb Code    22  hc32_ll_interrupts.o(.text.IRQ052_Handler)
    IRQ053_Handler                           0x000138b1   Thumb Code    22  hc32_ll_interrupts.o(.text.IRQ053_Handler)
    IRQ054_Handler                           0x000138c9   Thumb Code    22  hc32_ll_interrupts.o(.text.IRQ054_Handler)
    IRQ055_Handler                           0x000138e1   Thumb Code    22  hc32_ll_interrupts.o(.text.IRQ055_Handler)
    IRQ056_Handler                           0x000138f9   Thumb Code    22  hc32_ll_interrupts.o(.text.IRQ056_Handler)
    IRQ057_Handler                           0x00013911   Thumb Code    22  hc32_ll_interrupts.o(.text.IRQ057_Handler)
    IRQ058_Handler                           0x00013929   Thumb Code    22  hc32_ll_interrupts.o(.text.IRQ058_Handler)
    IRQ059_Handler                           0x00013941   Thumb Code    22  hc32_ll_interrupts.o(.text.IRQ059_Handler)
    IRQ060_Handler                           0x00013959   Thumb Code    22  hc32_ll_interrupts.o(.text.IRQ060_Handler)
    IRQ061_Handler                           0x00013971   Thumb Code    22  hc32_ll_interrupts.o(.text.IRQ061_Handler)
    IRQ062_Handler                           0x00013989   Thumb Code    22  hc32_ll_interrupts.o(.text.IRQ062_Handler)
    IRQ063_Handler                           0x000139a1   Thumb Code    22  hc32_ll_interrupts.o(.text.IRQ063_Handler)
    IRQ064_Handler                           0x000139b9   Thumb Code    22  hc32_ll_interrupts.o(.text.IRQ064_Handler)
    IRQ065_Handler                           0x000139d1   Thumb Code    22  hc32_ll_interrupts.o(.text.IRQ065_Handler)
    IRQ066_Handler                           0x000139e9   Thumb Code    22  hc32_ll_interrupts.o(.text.IRQ066_Handler)
    IRQ067_Handler                           0x00013a01   Thumb Code    22  hc32_ll_interrupts.o(.text.IRQ067_Handler)
    IRQ068_Handler                           0x00013a19   Thumb Code    22  hc32_ll_interrupts.o(.text.IRQ068_Handler)
    IRQ069_Handler                           0x00013a31   Thumb Code    22  hc32_ll_interrupts.o(.text.IRQ069_Handler)
    IRQ070_Handler                           0x00013a49   Thumb Code    22  hc32_ll_interrupts.o(.text.IRQ070_Handler)
    IRQ071_Handler                           0x00013a61   Thumb Code    22  hc32_ll_interrupts.o(.text.IRQ071_Handler)
    IRQ072_Handler                           0x00013a79   Thumb Code    22  hc32_ll_interrupts.o(.text.IRQ072_Handler)
    IRQ073_Handler                           0x00013a91   Thumb Code    22  hc32_ll_interrupts.o(.text.IRQ073_Handler)
    IRQ074_Handler                           0x00013aa9   Thumb Code    22  hc32_ll_interrupts.o(.text.IRQ074_Handler)
    IRQ075_Handler                           0x00013ac1   Thumb Code    22  hc32_ll_interrupts.o(.text.IRQ075_Handler)
    IRQ076_Handler                           0x00013ad9   Thumb Code    22  hc32_ll_interrupts.o(.text.IRQ076_Handler)
    IRQ077_Handler                           0x00013af1   Thumb Code    22  hc32_ll_interrupts.o(.text.IRQ077_Handler)
    IRQ078_Handler                           0x00013b09   Thumb Code    22  hc32_ll_interrupts.o(.text.IRQ078_Handler)
    IRQ079_Handler                           0x00013b21   Thumb Code    22  hc32_ll_interrupts.o(.text.IRQ079_Handler)
    IRQ080_Handler                           0x00013b39   Thumb Code    22  hc32_ll_interrupts.o(.text.IRQ080_Handler)
    IRQ081_Handler                           0x00013b51   Thumb Code    22  hc32_ll_interrupts.o(.text.IRQ081_Handler)
    IRQ082_Handler                           0x00013b69   Thumb Code    22  hc32_ll_interrupts.o(.text.IRQ082_Handler)
    IRQ083_Handler                           0x00013b81   Thumb Code    22  hc32_ll_interrupts.o(.text.IRQ083_Handler)
    IRQ084_Handler                           0x00013b99   Thumb Code    22  hc32_ll_interrupts.o(.text.IRQ084_Handler)
    IRQ085_Handler                           0x00013bb1   Thumb Code    22  hc32_ll_interrupts.o(.text.IRQ085_Handler)
    IRQ086_Handler                           0x00013bc9   Thumb Code    22  hc32_ll_interrupts.o(.text.IRQ086_Handler)
    IRQ087_Handler                           0x00013be1   Thumb Code    22  hc32_ll_interrupts.o(.text.IRQ087_Handler)
    IRQ088_Handler                           0x00013bf9   Thumb Code    22  hc32_ll_interrupts.o(.text.IRQ088_Handler)
    IRQ089_Handler                           0x00013c11   Thumb Code    22  hc32_ll_interrupts.o(.text.IRQ089_Handler)
    IRQ090_Handler                           0x00013c29   Thumb Code    22  hc32_ll_interrupts.o(.text.IRQ090_Handler)
    IRQ091_Handler                           0x00013c41   Thumb Code    22  hc32_ll_interrupts.o(.text.IRQ091_Handler)
    IRQ092_Handler                           0x00013c59   Thumb Code    22  hc32_ll_interrupts.o(.text.IRQ092_Handler)
    IRQ093_Handler                           0x00013c71   Thumb Code    22  hc32_ll_interrupts.o(.text.IRQ093_Handler)
    IRQ094_Handler                           0x00013c89   Thumb Code    22  hc32_ll_interrupts.o(.text.IRQ094_Handler)
    IRQ095_Handler                           0x00013ca1   Thumb Code    22  hc32_ll_interrupts.o(.text.IRQ095_Handler)
    IRQ096_Handler                           0x00013cb9   Thumb Code    22  hc32_ll_interrupts.o(.text.IRQ096_Handler)
    IRQ097_Handler                           0x00013cd1   Thumb Code    22  hc32_ll_interrupts.o(.text.IRQ097_Handler)
    IRQ098_Handler                           0x00013ce9   Thumb Code    22  hc32_ll_interrupts.o(.text.IRQ098_Handler)
    IRQ099_Handler                           0x00013d01   Thumb Code    22  hc32_ll_interrupts.o(.text.IRQ099_Handler)
    IRQ100_Handler                           0x00013d19   Thumb Code    22  hc32_ll_interrupts.o(.text.IRQ100_Handler)
    IRQ101_Handler                           0x00013d31   Thumb Code    22  hc32_ll_interrupts.o(.text.IRQ101_Handler)
    IRQ102_Handler                           0x00013d49   Thumb Code    22  hc32_ll_interrupts.o(.text.IRQ102_Handler)
    IRQ103_Handler                           0x00013d61   Thumb Code    22  hc32_ll_interrupts.o(.text.IRQ103_Handler)
    IRQ104_Handler                           0x00013d79   Thumb Code    22  hc32_ll_interrupts.o(.text.IRQ104_Handler)
    IRQ105_Handler                           0x00013d91   Thumb Code    22  hc32_ll_interrupts.o(.text.IRQ105_Handler)
    IRQ106_Handler                           0x00013da9   Thumb Code    22  hc32_ll_interrupts.o(.text.IRQ106_Handler)
    IRQ107_Handler                           0x00013dc1   Thumb Code    22  hc32_ll_interrupts.o(.text.IRQ107_Handler)
    IRQ108_Handler                           0x00013dd9   Thumb Code    22  hc32_ll_interrupts.o(.text.IRQ108_Handler)
    IRQ109_Handler                           0x00013df1   Thumb Code    22  hc32_ll_interrupts.o(.text.IRQ109_Handler)
    IRQ110_Handler                           0x00013e09   Thumb Code    22  hc32_ll_interrupts.o(.text.IRQ110_Handler)
    IRQ111_Handler                           0x00013e21   Thumb Code    22  hc32_ll_interrupts.o(.text.IRQ111_Handler)
    IRQ112_Handler                           0x00013e39   Thumb Code    22  hc32_ll_interrupts.o(.text.IRQ112_Handler)
    IRQ113_Handler                           0x00013e51   Thumb Code    22  hc32_ll_interrupts.o(.text.IRQ113_Handler)
    IRQ114_Handler                           0x00013e69   Thumb Code    22  hc32_ll_interrupts.o(.text.IRQ114_Handler)
    IRQ115_Handler                           0x00013e81   Thumb Code    22  hc32_ll_interrupts.o(.text.IRQ115_Handler)
    IRQ116_Handler                           0x00013e99   Thumb Code    22  hc32_ll_interrupts.o(.text.IRQ116_Handler)
    IRQ117_Handler                           0x00013eb1   Thumb Code    22  hc32_ll_interrupts.o(.text.IRQ117_Handler)
    IRQ118_Handler                           0x00013ec9   Thumb Code    22  hc32_ll_interrupts.o(.text.IRQ118_Handler)
    IRQ119_Handler                           0x00013ee1   Thumb Code    22  hc32_ll_interrupts.o(.text.IRQ119_Handler)
    IRQ120_Handler                           0x00013ef9   Thumb Code    22  hc32_ll_interrupts.o(.text.IRQ120_Handler)
    IRQ121_Handler                           0x00013f11   Thumb Code    22  hc32_ll_interrupts.o(.text.IRQ121_Handler)
    IRQ122_Handler                           0x00013f29   Thumb Code    22  hc32_ll_interrupts.o(.text.IRQ122_Handler)
    IRQ123_Handler                           0x00013f41   Thumb Code    22  hc32_ll_interrupts.o(.text.IRQ123_Handler)
    IRQ124_Handler                           0x00013f59   Thumb Code    22  hc32_ll_interrupts.o(.text.IRQ124_Handler)
    IRQ125_Handler                           0x00013f71   Thumb Code    22  hc32_ll_interrupts.o(.text.IRQ125_Handler)
    IRQ126_Handler                           0x00013f89   Thumb Code    22  hc32_ll_interrupts.o(.text.IRQ126_Handler)
    IRQ127_Handler                           0x00013fa1   Thumb Code    22  hc32_ll_interrupts.o(.text.IRQ127_Handler)
    LL_PERIPH_WE                             0x00013fb9   Thumb Code   122  hc32_ll.o(.text.LL_PERIPH_WE)
    LL_PrintfInit                            0x00014035   Thumb Code    96  hc32_ll_utility.o(.text.LL_PrintfInit)
    PWC_HighSpeedToHighPerformance           0x000140c9   Thumb Code    58  hc32_ll_pwc.o(.text.PWC_HighSpeedToHighPerformance)
    Read_ASW2                                0x00014141   Thumb Code    78  flash.o(.text.Read_ASW2)
    Read_AVSW                                0x00014191   Thumb Code    78  flash.o(.text.Read_AVSW)
    Reser_Status                             0x000141e1   Thumb Code    14  videoprocess.o(.text.Reser_Status)
    SRAM_SetWaitCycle                        0x000141f1   Thumb Code   192  hc32_ll_sram.o(.text.SRAM_SetWaitCycle)
    Signal_led                               0x000142b1   Thumb Code    32  videoprocess.o(.text.Signal_led)
    SystemCoreClockUpdate                    0x000142d1   Thumb Code   150  system_hc32f460.o(.text.SystemCoreClockUpdate)
    SystemInit                               0x00014369   Thumb Code   178  system_hc32f460.o(.text.SystemInit)
    TMR02_A_Config                           0x0001441d   Thumb Code   222  ev_hc32f460_lqfp100_v2.o(.text.TMR02_A_Config)
    TMR0_CHA_CompareIrqCallback              0x000144fd   Thumb Code   418  ev_hc32f460_lqfp100_v2.o(.text.TMR0_CHA_CompareIrqCallback)
    TMR0_ClearStatus                         0x000146a1   Thumb Code    74  hc32_ll_tmr0.o(.text.TMR0_ClearStatus)
    TMR0_HWClearCondCmd                      0x000146ed   Thumb Code   116  hc32_ll_tmr0.o(.text.TMR0_HWClearCondCmd)
    TMR0_HWStartCondCmd                      0x00014761   Thumb Code   116  hc32_ll_tmr0.o(.text.TMR0_HWStartCondCmd)
    TMR0_HWStopCondCmd                       0x000147d5   Thumb Code   116  hc32_ll_tmr0.o(.text.TMR0_HWStopCondCmd)
    TMR0_Init                                0x00014849   Thumb Code   212  hc32_ll_tmr0.o(.text.TMR0_Init)
    TMR0_IntCmd                              0x0001491d   Thumb Code   102  hc32_ll_tmr0.o(.text.TMR0_IntCmd)
    TMR0_Start                               0x00014985   Thumb Code    76  hc32_ll_tmr0.o(.text.TMR0_Start)
    TMR0_Stop                                0x000149d1   Thumb Code    82  hc32_ll_tmr0.o(.text.TMR0_Stop)
    TMR0_StructInit                          0x00014a25   Thumb Code    28  hc32_ll_tmr0.o(.text.TMR0_StructInit)
    USART_ClearStatus                        0x00014a65   Thumb Code   144  hc32_ll_usart.o(.text.USART_ClearStatus)
    USART_FuncCmd                            0x00014af5   Thumb Code   154  hc32_ll_usart.o(.text.USART_FuncCmd)
    USART_ReadData                           0x00014b91   Thumb Code    96  hc32_ll_usart.o(.text.USART_ReadData)
    USART_RxError_IrqCallback                0x00014bf1   Thumb Code    28  uart_dma.o(.text.USART_RxError_IrqCallback)
    USART_RxTimeout_IrqCallback              0x00014c0d   Thumb Code    84  uart_dma.o(.text.USART_RxTimeout_IrqCallback)
    USART_SetBaudrate                        0x00014c61   Thumb Code  1384  hc32_ll_usart.o(.text.USART_SetBaudrate)
    USART_SetClockDiv                        0x000151cd   Thumb Code   114  hc32_ll_usart.o(.text.USART_SetClockDiv)
    USART_TxComplete_IrqCallback             0x00015241   Thumb Code    62  uart_dma.o(.text.USART_TxComplete_IrqCallback)
    USART_UART_Init                          0x00015281   Thumb Code   478  hc32_ll_usart.o(.text.USART_UART_Init)
    USART_UART_StructInit                    0x00015461   Thumb Code    48  hc32_ll_usart.o(.text.USART_UART_StructInit)
    Video_ReadNot2                           0x00015491   Thumb Code   326  flash.o(.text.Video_ReadNot2)
    Video_Sw                                 0x000155d9   Thumb Code    10  videoprocess.o(.text.Video_Sw)
    cm_backtrace_call_stack                  0x000155e5   Thumb Code   412  cm_backtrace.o(.text.cm_backtrace_call_stack)
    cm_backtrace_fault                       0x00015781   Thumb Code  1408  cm_backtrace.o(.text.cm_backtrace_fault)
    detect_loop                              0x00015da5   Thumb Code   404  videoprocess.o(.text.detect_loop)
    fputc                                    0x00016089   Thumb Code    22  hc32_ll_utility.o(.text.fputc)
    i2c_init                                 0x00016385   Thumb Code   148  i2c.o(.text.i2c_init)
    $Super$$main                             0x00016431   Thumb Code   626  main.o(.text.main)
    mem_settings                             0x000166a5   Thumb Code   256  flash.o(.text.mem_settings)
    set_ace                                  0x000168e1   Thumb Code    56  videoprocess.o(.text.set_ace)
    set_double_line                          0x00016929   Thumb Code    66  videoprocess.o(.text.set_double_line)
    set_smooth                               0x0001696d   Thumb Code    66  videoprocess.o(.text.set_smooth)
    signal_turn                              0x000169b1   Thumb Code  1536  uart_dma.o(.text.signal_turn)
    uart_dma_init                            0x00017039   Thumb Code   502  uart_dma.o(.text.uart_dma_init)
    video_Deinit                             0x00017231   Thumb Code    48  videoprocess.o(.text.video_Deinit)
    video_init                               0x0001726d   Thumb Code   548  videoprocess.o(.text.video_init)
    __0printf$8                              0x000174b5   Thumb Code    22  printf8.o(i.__0printf$8)
    __1printf$8                              0x000174b5   Thumb Code     0  printf8.o(i.__0printf$8)
    __2printf                                0x000174b5   Thumb Code     0  printf8.o(i.__0printf$8)
    __0sprintf$8                             0x000174d5   Thumb Code    34  printf8.o(i.__0sprintf$8)
    __1sprintf$8                             0x000174d5   Thumb Code     0  printf8.o(i.__0sprintf$8)
    __2sprintf                               0x000174d5   Thumb Code     0  printf8.o(i.__0sprintf$8)
    __scatterload_copy                       0x000174fd   Thumb Code    14  handlers.o(i.__scatterload_copy)
    __scatterload_null                       0x0001750b   Thumb Code     2  handlers.o(i.__scatterload_null)
    __scatterload_zeroinit                   0x0001750d   Thumb Code    14  handlers.o(i.__scatterload_zeroinit)
    puts                                     0x00017989   Thumb Code    30  puts.o(i.puts)
    I2C_COMMANDS_I2P_OFF_p                   0x000179b2   Data          15  videoprocess.o(.rodata.I2C_COMMANDS_I2P_OFF_p)
    Region$$Table$$Base                      0x00018184   Number         0  anon$$obj.o(Region$$Table)
    Image$$ER_IROM1$$Limit                   0x000181a4   Number         0  anon$$obj.o ABSOLUTE
    Region$$Table$$Limit                     0x000181a4   Number         0  anon$$obj.o(Region$$Table)
    __stdout                                 0x1fff8000   Data           4  stdout.o(.data)
    Ace_Code_OFF                             0x1fff8004   Data           9  videoprocess.o(.data.Ace_Code_OFF)
    Ace_Code_ON                              0x1fff800d   Data           9  videoprocess.o(.data.Ace_Code_ON)
    Contrast                                 0x1fff8016   Data           1  videoprocess.o(.data.Contrast)
    I2C_AUTO_COMMANDS                        0x1fff8017   Data         123  videoprocess.o(.data.I2C_AUTO_COMMANDS)
    I2C_COMMANDS_BCSH                        0x1fff8092   Data          12  videoprocess.o(.data.I2C_COMMANDS_BCSH)
    I2C_COMMANDS_CVBS_INPUT                  0x1fff809e   Data          15  videoprocess.o(.data.I2C_COMMANDS_CVBS_INPUT)
    I2C_COMMANDS_I2P_ON                      0x1fff80ad   Data          15  videoprocess.o(.data.I2C_COMMANDS_I2P_ON)
    I2C_COMMANDS_SMOOTH_OFF                  0x1fff80bc   Data           9  videoprocess.o(.data.I2C_COMMANDS_SMOOTH_OFF)
    I2C_COMMANDS_SMOOTH_ON                   0x1fff80c5   Data           9  videoprocess.o(.data.I2C_COMMANDS_SMOOTH_ON)
    I2C_COMMANDS_YC_INPUT                    0x1fff80ce   Data          15  videoprocess.o(.data.I2C_COMMANDS_YC_INPUT)
    Saturation                               0x1fff80dd   Data           1  videoprocess.o(.data.Saturation)
    adv_double                               0x1fff80de   Data           1  videoprocess.o(.data.adv_double)
    adv_tv                                   0x1fff80df   Data           1  videoprocess.o(.data.adv_tv)
    AVsw                                     0x1fff80e0   Data           1  videoprocess.o(.bss.AVsw)
    Adv_7391_sw                              0x1fff80e1   Data           1  videoprocess.o(.bss.Adv_7391_sw)
    Bright                                   0x1fff80e2   Data           1  videoprocess.o(.bss.Bright)
    HRC_VALUE                                0x1fff8104   Data           4  system_hc32f460.o(.bss.HRC_VALUE)
    Input_signal                             0x1fff8108   Data           1  videoprocess.o(.bss.Input_signal)
    SystemCoreClock                          0x1fff810c   Data           4  system_hc32f460.o(.bss.SystemCoreClock)
    adv_ace                                  0x1fff8114   Data           1  videoprocess.o(.bss.adv_ace)
    adv_input                                0x1fff8115   Data           1  videoprocess.o(.bss.adv_input)
    adv_smooth                               0x1fff8116   Data           1  videoprocess.o(.bss.adv_smooth)
    adv_sw                                   0x1fff8117   Data           1  videoprocess.o(.bss.adv_sw)
    asw_01                                   0x1fff8118   Data           1  videoprocess.o(.bss.asw_01)
    asw_02                                   0x1fff8119   Data           1  videoprocess.o(.bss.asw_02)
    asw_03                                   0x1fff811a   Data           1  videoprocess.o(.bss.asw_03)
    asw_04                                   0x1fff811b   Data           1  videoprocess.o(.bss.asw_04)
    c_state                                  0x1fff811c   Data           1  videoprocess.o(.bss.c_state)
    dma_au8RxBuf                             0x1fff8248   Data         500  uart_dma.o(.bss.dma_au8RxBuf)
    err_flag                                 0x1fff843c   Data           1  videoprocess.o(.bss.err_flag)
    g_u16_key_timer                          0x1fff845e   Data           2  ev_hc32f460_lqfp100_v2.o(.bss.g_u16_key_timer)
    g_u16_led_timer                          0x1fff8460   Data           2  ev_hc32f460_lqfp100_v2.o(.bss.g_u16_led_timer)
    g_u16_mis_timer                          0x1fff8462   Data           2  ev_hc32f460_lqfp100_v2.o(.bss.g_u16_mis_timer)
    g_u16_osd_timer                          0x1fff8464   Data           2  ev_hc32f460_lqfp100_v2.o(.bss.g_u16_osd_timer)
    g_u16_sys_timer                          0x1fff8466   Data           2  ev_hc32f460_lqfp100_v2.o(.bss.g_u16_sys_timer)
    led_state                                0x1fff848a   Data           1  ev_hc32f460_lqfp100_v2.o(.bss.led_state)
    led_sw                                   0x1fff848b   Data           1  ev_hc32f460_lqfp100_v2.o(.bss.led_sw)
    u8_buf                                   0x1fff8714   Data         256  flash.o(.bss.u8_buf)
    STACK$$Base                              0x1fff8818   Number         0  startup_hc32f460.o(STACK)
    STACK$$Limit                             0x1fff9418   Number         0  startup_hc32f460.o(STACK)
    __initial_sp                             0x1fff9418   Data           0  startup_hc32f460.o(STACK)



==============================================================================

Memory Map of the image

  Image Entry point : 0x00010281

  Load Region LR_IROM1 (Base: 0x00010000, Size: 0x00008288, Max: 0x00060000, ABSOLUTE)

    Execution Region ER_IROM1 (Exec base: 0x00010000, Load base: 0x00010000, Size: 0x000081a4, Max: 0x00060000, ABSOLUTE)

    Exec Addr    Load Addr    Size         Type   Attr      Idx    E Section Name        Object

    0x00010000   0x00010000   0x00000280   Data   RO         1315    RESET               startup_hc32f460.o
    0x00010280   0x00010280   0x00000000   Code   RO         1363  * .ARM.Collect$$$$00000000  mc_w.l(entry.o)
    0x00010280   0x00010280   0x00000004   Code   RO         1648    .ARM.Collect$$$$00000001  mc_w.l(entry2.o)
    0x00010284   0x00010284   0x00000004   Code   RO         1651    .ARM.Collect$$$$00000004  mc_w.l(entry5.o)
    0x00010288   0x00010288   0x00000000   Code   RO         1653    .ARM.Collect$$$$00000008  mc_w.l(entry7b.o)
    0x00010288   0x00010288   0x00000000   Code   RO         1655    .ARM.Collect$$$$0000000A  mc_w.l(entry8b.o)
    0x00010288   0x00010288   0x00000008   Code   RO         1656    .ARM.Collect$$$$0000000B  mc_w.l(entry9a.o)
    0x00010290   0x00010290   0x00000000   Code   RO         1658    .ARM.Collect$$$$0000000D  mc_w.l(entry10a.o)
    0x00010290   0x00010290   0x00000000   Code   RO         1660    .ARM.Collect$$$$0000000F  mc_w.l(entry11a.o)
    0x00010290   0x00010290   0x00000004   Code   RO         1649    .ARM.Collect$$$$00002712  mc_w.l(entry2.o)
    0x00010294   0x00010294   0x00000058   Code   RO         1316    .text               startup_hc32f460.o
    0x000102ec   0x000102ec   0x0000000c   Code   RO         1359    .text               cmb_fault.o
    0x000102f8   0x000102f8   0x00000062   Code   RO         1373    .text               mc_w.l(uldiv.o)
    0x0001035a   0x0001035a   0x00000024   Code   RO         1375    .text               mc_w.l(memseta.o)
    0x0001037e   0x0001037e   0x000000de   Code   RO         1640    .text               mf_w.l(ddiv.o)
    0x0001045c   0x0001045c   0x0000001a   Code   RO         1642    .text               mf_w.l(dfltui.o)
    0x00010476   0x00010476   0x00000018   Code   RO         1644    .text               mf_w.l(dfltul.o)
    0x0001048e   0x0001048e   0x00000038   Code   RO         1646    .text               mf_w.l(d2f.o)
    0x000104c6   0x000104c6   0x0000001e   Code   RO         1673    .text               mc_w.l(llshl.o)
    0x000104e4   0x000104e4   0x00000020   Code   RO         1675    .text               mc_w.l(llushr.o)
    0x00010504   0x00010504   0x00000000   Code   RO         1677    .text               mc_w.l(iusefp.o)
    0x00010504   0x00010504   0x0000006e   Code   RO         1678    .text               mf_w.l(fepilogue.o)
    0x00010572   0x00010572   0x000000ba   Code   RO         1680    .text               mf_w.l(depilogue.o)
    0x0001062c   0x0001062c   0x00000030   Code   RO         1690    .text               mc_w.l(init.o)
    0x0001065c   0x0001065c   0x0000009c   Code   RO         1302    .text.$Sub$$main    system_hc32f460.o
    0x000106f8   0x000106f8   0x00000092   Code   RO         1166    .text.ADV_7280_Send_Buff  i2c.o
    0x0001078a   0x0001078a   0x00000002   PAD
    0x0001078c   0x0001078c   0x00000030   Code   RO          960    .text.AOS_SetTriggerEventSrc  hc32_ll_aos.o
    0x000107bc   0x000107bc   0x000000dc   Code   RO         1244    .text.ASC           videoprocess.o
    0x00010898   0x00010898   0x000000a4   Code   RO         1246    .text.ASC_Not02     videoprocess.o
    0x0001093c   0x0001093c   0x00000080   Code   RO         1248    .text.AV_Connecte_Set  videoprocess.o
    0x000109bc   0x000109bc   0x000000b6   Code   RO         1077    .text.BSP_CLK_Init  ev_hc32f460_lqfp100_v2.o
    0x00010a72   0x00010a72   0x00000002   PAD
    0x00010a74   0x00010a74   0x00000036   Code   RO         1081    .text.BSP_LED_Init  ev_hc32f460_lqfp100_v2.o
    0x00010aaa   0x00010aaa   0x00000002   PAD
    0x00010aac   0x00010aac   0x0000002e   Code   RO         1083    .text.BSP_LED_Off   ev_hc32f460_lqfp100_v2.o
    0x00010ada   0x00010ada   0x00000002   PAD
    0x00010adc   0x00010adc   0x0000002e   Code   RO         1085    .text.BSP_LED_On    ev_hc32f460_lqfp100_v2.o
    0x00010b0a   0x00010b0a   0x00000002   PAD
    0x00010b0c   0x00010b0c   0x00000050   Code   RO         1075    .text.BSP_LED_Sw    ev_hc32f460_lqfp100_v2.o
    0x00010b5c   0x00010b5c   0x0000002e   Code   RO         1087    .text.BSP_LED_Toggle  ev_hc32f460_lqfp100_v2.o
    0x00010b8a   0x00010b8a   0x00000002   PAD
    0x00010b8c   0x00010b8c   0x000000b0   Code   RO         1097    .text.BSP_PRINTF_Preinit  ev_hc32f460_lqfp100_v2.o
    0x00010c3c   0x00010c3c   0x0000002e   Code   RO           64    .text.CLK_GetStableStatus  hc32_ll_clk.o
    0x00010c6a   0x00010c6a   0x00000002   PAD
    0x00010c6c   0x00010c6c   0x000000ca   Code   RO           52    .text.CLK_PLLCmd    hc32_ll_clk.o
    0x00010d36   0x00010d36   0x00000002   PAD
    0x00010d38   0x00010d38   0x00000216   Code   RO           50    .text.CLK_PLLInit   hc32_ll_clk.o
    0x00010f4e   0x00010f4e   0x00000002   PAD
    0x00010f50   0x00010f50   0x00000032   Code   RO           48    .text.CLK_PLLStructInit  hc32_ll_clk.o
    0x00010f82   0x00010f82   0x00000002   PAD
    0x00010f84   0x00010f84   0x0000018e   Code   RO           74    .text.CLK_SetClockDiv  hc32_ll_clk.o
    0x00011112   0x00011112   0x00000002   PAD
    0x00011114   0x00011114   0x000000bc   Code   RO           66    .text.CLK_SetSysClockSrc  hc32_ll_clk.o
    0x000111d0   0x000111d0   0x0000014c   Code   RO           28    .text.CLK_XtalInit  hc32_ll_clk.o
    0x0001131c   0x0001131c   0x0000001e   Code   RO           26    .text.CLK_XtalStructInit  hc32_ll_clk.o
    0x0001133a   0x0001133a   0x00000002   PAD
    0x0001133c   0x0001133c   0x0000000e   Code   RO         1095    .text.C_LED_ERR_BLUE  ev_hc32f460_lqfp100_v2.o
    0x0001134a   0x0001134a   0x00000002   PAD
    0x0001134c   0x0001134c   0x0000000e   Code   RO         1093    .text.C_LED_ERR_GREEN  ev_hc32f460_lqfp100_v2.o
    0x0001135a   0x0001135a   0x00000002   PAD
    0x0001135c   0x0001135c   0x0000000e   Code   RO         1091    .text.C_LED_ERR_RED  ev_hc32f460_lqfp100_v2.o
    0x0001136a   0x0001136a   0x00000002   PAD
    0x0001136c   0x0001136c   0x0000000e   Code   RO         1089    .text.C_LED_OK      ev_hc32f460_lqfp100_v2.o
    0x0001137a   0x0001137a   0x00000002   PAD
    0x0001137c   0x0001137c   0x000000d4   Code   RO         1170    .text.Chip_Receive  i2c.o
    0x00011450   0x00011450   0x00000040   Code   RO          754    .text.DDL_AssertHandler  hc32_ll_utility.o
    0x00011490   0x00011490   0x0000005c   Code   RO          758    .text.DDL_ConsoleOutputChar  hc32_ll_utility.o
    0x000114ec   0x000114ec   0x00000058   Code   RO          738    .text.DDL_DelayMS   hc32_ll_utility.o
    0x00011544   0x00011544   0x0000005c   Code   RO          740    .text.DDL_DelayUS   hc32_ll_utility.o
    0x000115a0   0x000115a0   0x0000016e   Code   RO          985    .text.DMA_ChCmd     hc32_ll_dma.o
    0x0001170e   0x0001170e   0x00000002   PAD
    0x00011710   0x00011710   0x0000004a   Code   RO          983    .text.DMA_ClearTransCompleteStatus  hc32_ll_dma.o
    0x0001175a   0x0001175a   0x00000002   PAD
    0x0001175c   0x0001175c   0x00000042   Code   RO          971    .text.DMA_Cmd       hc32_ll_dma.o
    0x0001179e   0x0001179e   0x00000002   PAD
    0x000117a0   0x000117a0   0x0000025e   Code   RO         1185    .text.DMA_Config    uart_dma.o
    0x000119fe   0x000119fe   0x00000002   PAD
    0x00011a00   0x00011a00   0x0000004a   Code   RO         1045    .text.DMA_GetTransCount  hc32_ll_dma.o
    0x00011a4a   0x00011a4a   0x00000002   PAD
    0x00011a4c   0x00011a4c   0x00000116   Code   RO         1015    .text.DMA_Init      hc32_ll_dma.o
    0x00011b62   0x00011b62   0x00000002   PAD
    0x00011b64   0x00011b64   0x000000a6   Code   RO         1027    .text.DMA_LlpInit   hc32_ll_dma.o
    0x00011c0a   0x00011c0a   0x00000002   PAD
    0x00011c0c   0x00011c0c   0x00000016   Code   RO         1025    .text.DMA_LlpStructInit  hc32_ll_dma.o
    0x00011c22   0x00011c22   0x00000002   PAD
    0x00011c24   0x00011c24   0x00000050   Code   RO         1033    .text.DMA_ReconfigCmd  hc32_ll_dma.o
    0x00011c74   0x00011c74   0x00000070   Code   RO         1035    .text.DMA_ReconfigLlpCmd  hc32_ll_dma.o
    0x00011ce4   0x00011ce4   0x00000022   Code   RO         1013    .text.DMA_StructInit  hc32_ll_dma.o
    0x00011d06   0x00011d06   0x00000002   PAD
    0x00011d08   0x00011d08   0x00000066   Code   RO          979    .text.DMA_TransCompleteIntCmd  hc32_ll_dma.o
    0x00011d6e   0x00011d6e   0x00000002   PAD
    0x00011d70   0x00011d70   0x00000024   Code   RO          135    .text.EFM_FWMC_Cmd  hc32_ll_efm.o
    0x00011d94   0x00011d94   0x0000023c   Code   RO          125    .text.EFM_Program   hc32_ll_efm.o
    0x00011fd0   0x00011fd0   0x00000134   Code   RO          133    .text.EFM_SectorErase  hc32_ll_efm.o
    0x00012104   0x00012104   0x00000092   Code   RO           97    .text.EFM_SetWaitCycle  hc32_ll_efm.o
    0x00012196   0x00012196   0x00000002   PAD
    0x00012198   0x00012198   0x0000005e   Code   RO          775    .text.FCG_Fcg0PeriphClockCmd  hc32_ll_fcg.o
    0x000121f6   0x000121f6   0x00000002   PAD
    0x000121f8   0x000121f8   0x0000004a   Code   RO          777    .text.FCG_Fcg1PeriphClockCmd  hc32_ll_fcg.o
    0x00012242   0x00012242   0x00000002   PAD
    0x00012244   0x00012244   0x0000004a   Code   RO          779    .text.FCG_Fcg2PeriphClockCmd  hc32_ll_fcg.o
    0x0001228e   0x0001228e   0x00000002   PAD
    0x00012290   0x00012290   0x0000006a   Code   RO          204    .text.GPIO_AnalogCmd  hc32_ll_gpio.o
    0x000122fa   0x000122fa   0x00000002   PAD
    0x000122fc   0x000122fc   0x000001c2   Code   RO          168    .text.GPIO_Init     hc32_ll_gpio.o
    0x000124be   0x000124be   0x00000002   PAD
    0x000124c0   0x000124c0   0x00000040   Code   RO          188    .text.GPIO_ReadInputPins  hc32_ll_gpio.o
    0x00012500   0x00012500   0x0000003e   Code   RO          198    .text.GPIO_ResetPins  hc32_ll_gpio.o
    0x0001253e   0x0001253e   0x00000002   PAD
    0x00012540   0x00012540   0x00000096   Code   RO          176    .text.GPIO_SetFunc  hc32_ll_gpio.o
    0x000125d6   0x000125d6   0x00000002   PAD
    0x000125d8   0x000125d8   0x0000003e   Code   RO          196    .text.GPIO_SetPins  hc32_ll_gpio.o
    0x00012616   0x00012616   0x00000002   PAD
    0x00012618   0x00012618   0x00000046   Code   RO          184    .text.GPIO_SetReadWaitCycle  hc32_ll_gpio.o
    0x0001265e   0x0001265e   0x00000002   PAD
    0x00012660   0x00012660   0x0000001a   Code   RO          172    .text.GPIO_StructInit  hc32_ll_gpio.o
    0x0001267a   0x0001267a   0x00000002   PAD
    0x0001267c   0x0001267c   0x0000003e   Code   RO          202    .text.GPIO_TogglePins  hc32_ll_gpio.o
    0x000126ba   0x000126ba   0x00000002   PAD
    0x000126bc   0x000126bc   0x0000005e   Code   RO          887    .text.I2C_AckConfig  hc32_ll_i2c.o
    0x0001271a   0x0001271a   0x00000002   PAD
    0x0001271c   0x0001271c   0x000001b0   Code   RO          847    .text.I2C_BaudrateConfig  hc32_ll_i2c.o
    0x000128cc   0x000128cc   0x00000060   Code   RO          861    .text.I2C_BusWaitCmd  hc32_ll_i2c.o
    0x0001292c   0x0001292c   0x00000058   Code   RO          857    .text.I2C_Cmd       hc32_ll_i2c.o
    0x00012984   0x00012984   0x00000052   Code   RO          849    .text.I2C_DeInit    hc32_ll_i2c.o
    0x000129d6   0x000129d6   0x00000002   PAD
    0x000129d8   0x000129d8   0x000000c0   Code   RO          851    .text.I2C_Init      hc32_ll_i2c.o
    0x00012a98   0x00012a98   0x00000280   Code   RO          911    .text.I2C_MasterReceiveDataAndStop  hc32_ll_i2c.o
    0x00012d18   0x00012d18   0x0000007e   Code   RO         1164    .text.I2C_Master_Transmit  i2c.o
    0x00012d96   0x00012d96   0x00000002   PAD
    0x00012d98   0x00012d98   0x000000c8   Code   RO          901    .text.I2C_Restart   hc32_ll_i2c.o
    0x00012e60   0x00012e60   0x00000058   Code   RO          879    .text.I2C_SWResetCmd  hc32_ll_i2c.o
    0x00012eb8   0x00012eb8   0x000000de   Code   RO          899    .text.I2C_Start     hc32_ll_i2c.o
    0x00012f96   0x00012f96   0x00000002   PAD
    0x00012f98   0x00012f98   0x000000fc   Code   RO          913    .text.I2C_Stop      hc32_ll_i2c.o
    0x00013094   0x00013094   0x0000001a   Code   RO          915    .text.I2C_StructInit  hc32_ll_i2c.o
    0x000130ae   0x000130ae   0x00000002   PAD
    0x000130b0   0x000130b0   0x00000194   Code   RO          903    .text.I2C_TransAddr  hc32_ll_i2c.o
    0x00013244   0x00013244   0x00000144   Code   RO          907    .text.I2C_TransData  hc32_ll_i2c.o
    0x00013388   0x00013388   0x000000b0   Code   RO          216    .text.INTC_IrqSignIn  hc32_ll_interrupts.o
    0x00013438   0x00013438   0x00000014   Code   RO          248    .text.IRQ000_Handler  hc32_ll_interrupts.o
    0x0001344c   0x0001344c   0x00000014   Code   RO          250    .text.IRQ001_Handler  hc32_ll_interrupts.o
    0x00013460   0x00013460   0x00000014   Code   RO          252    .text.IRQ002_Handler  hc32_ll_interrupts.o
    0x00013474   0x00013474   0x00000014   Code   RO          254    .text.IRQ003_Handler  hc32_ll_interrupts.o
    0x00013488   0x00013488   0x00000014   Code   RO          256    .text.IRQ004_Handler  hc32_ll_interrupts.o
    0x0001349c   0x0001349c   0x00000014   Code   RO          258    .text.IRQ005_Handler  hc32_ll_interrupts.o
    0x000134b0   0x000134b0   0x00000014   Code   RO          260    .text.IRQ006_Handler  hc32_ll_interrupts.o
    0x000134c4   0x000134c4   0x00000014   Code   RO          262    .text.IRQ007_Handler  hc32_ll_interrupts.o
    0x000134d8   0x000134d8   0x00000014   Code   RO          264    .text.IRQ008_Handler  hc32_ll_interrupts.o
    0x000134ec   0x000134ec   0x00000014   Code   RO          266    .text.IRQ009_Handler  hc32_ll_interrupts.o
    0x00013500   0x00013500   0x00000014   Code   RO          268    .text.IRQ010_Handler  hc32_ll_interrupts.o
    0x00013514   0x00013514   0x00000014   Code   RO          270    .text.IRQ011_Handler  hc32_ll_interrupts.o
    0x00013528   0x00013528   0x00000014   Code   RO          272    .text.IRQ012_Handler  hc32_ll_interrupts.o
    0x0001353c   0x0001353c   0x00000014   Code   RO          274    .text.IRQ013_Handler  hc32_ll_interrupts.o
    0x00013550   0x00013550   0x00000014   Code   RO          276    .text.IRQ014_Handler  hc32_ll_interrupts.o
    0x00013564   0x00013564   0x00000014   Code   RO          278    .text.IRQ015_Handler  hc32_ll_interrupts.o
    0x00013578   0x00013578   0x00000014   Code   RO          280    .text.IRQ016_Handler  hc32_ll_interrupts.o
    0x0001358c   0x0001358c   0x00000014   Code   RO          282    .text.IRQ017_Handler  hc32_ll_interrupts.o
    0x000135a0   0x000135a0   0x00000014   Code   RO          284    .text.IRQ018_Handler  hc32_ll_interrupts.o
    0x000135b4   0x000135b4   0x00000014   Code   RO          286    .text.IRQ019_Handler  hc32_ll_interrupts.o
    0x000135c8   0x000135c8   0x00000014   Code   RO          288    .text.IRQ020_Handler  hc32_ll_interrupts.o
    0x000135dc   0x000135dc   0x00000014   Code   RO          290    .text.IRQ021_Handler  hc32_ll_interrupts.o
    0x000135f0   0x000135f0   0x00000014   Code   RO          292    .text.IRQ022_Handler  hc32_ll_interrupts.o
    0x00013604   0x00013604   0x00000014   Code   RO          294    .text.IRQ023_Handler  hc32_ll_interrupts.o
    0x00013618   0x00013618   0x00000014   Code   RO          296    .text.IRQ024_Handler  hc32_ll_interrupts.o
    0x0001362c   0x0001362c   0x00000014   Code   RO          298    .text.IRQ025_Handler  hc32_ll_interrupts.o
    0x00013640   0x00013640   0x00000014   Code   RO          300    .text.IRQ026_Handler  hc32_ll_interrupts.o
    0x00013654   0x00013654   0x00000014   Code   RO          302    .text.IRQ027_Handler  hc32_ll_interrupts.o
    0x00013668   0x00013668   0x00000014   Code   RO          304    .text.IRQ028_Handler  hc32_ll_interrupts.o
    0x0001367c   0x0001367c   0x00000014   Code   RO          306    .text.IRQ029_Handler  hc32_ll_interrupts.o
    0x00013690   0x00013690   0x00000014   Code   RO          308    .text.IRQ030_Handler  hc32_ll_interrupts.o
    0x000136a4   0x000136a4   0x00000014   Code   RO          310    .text.IRQ031_Handler  hc32_ll_interrupts.o
    0x000136b8   0x000136b8   0x00000016   Code   RO          312    .text.IRQ032_Handler  hc32_ll_interrupts.o
    0x000136ce   0x000136ce   0x00000002   PAD
    0x000136d0   0x000136d0   0x00000016   Code   RO          314    .text.IRQ033_Handler  hc32_ll_interrupts.o
    0x000136e6   0x000136e6   0x00000002   PAD
    0x000136e8   0x000136e8   0x00000016   Code   RO          316    .text.IRQ034_Handler  hc32_ll_interrupts.o
    0x000136fe   0x000136fe   0x00000002   PAD
    0x00013700   0x00013700   0x00000016   Code   RO          318    .text.IRQ035_Handler  hc32_ll_interrupts.o
    0x00013716   0x00013716   0x00000002   PAD
    0x00013718   0x00013718   0x00000016   Code   RO          320    .text.IRQ036_Handler  hc32_ll_interrupts.o
    0x0001372e   0x0001372e   0x00000002   PAD
    0x00013730   0x00013730   0x00000016   Code   RO          322    .text.IRQ037_Handler  hc32_ll_interrupts.o
    0x00013746   0x00013746   0x00000002   PAD
    0x00013748   0x00013748   0x00000016   Code   RO          324    .text.IRQ038_Handler  hc32_ll_interrupts.o
    0x0001375e   0x0001375e   0x00000002   PAD
    0x00013760   0x00013760   0x00000016   Code   RO          326    .text.IRQ039_Handler  hc32_ll_interrupts.o
    0x00013776   0x00013776   0x00000002   PAD
    0x00013778   0x00013778   0x00000016   Code   RO          328    .text.IRQ040_Handler  hc32_ll_interrupts.o
    0x0001378e   0x0001378e   0x00000002   PAD
    0x00013790   0x00013790   0x00000016   Code   RO          330    .text.IRQ041_Handler  hc32_ll_interrupts.o
    0x000137a6   0x000137a6   0x00000002   PAD
    0x000137a8   0x000137a8   0x00000016   Code   RO          332    .text.IRQ042_Handler  hc32_ll_interrupts.o
    0x000137be   0x000137be   0x00000002   PAD
    0x000137c0   0x000137c0   0x00000016   Code   RO          334    .text.IRQ043_Handler  hc32_ll_interrupts.o
    0x000137d6   0x000137d6   0x00000002   PAD
    0x000137d8   0x000137d8   0x00000016   Code   RO          336    .text.IRQ044_Handler  hc32_ll_interrupts.o
    0x000137ee   0x000137ee   0x00000002   PAD
    0x000137f0   0x000137f0   0x00000016   Code   RO          338    .text.IRQ045_Handler  hc32_ll_interrupts.o
    0x00013806   0x00013806   0x00000002   PAD
    0x00013808   0x00013808   0x00000016   Code   RO          340    .text.IRQ046_Handler  hc32_ll_interrupts.o
    0x0001381e   0x0001381e   0x00000002   PAD
    0x00013820   0x00013820   0x00000016   Code   RO          342    .text.IRQ047_Handler  hc32_ll_interrupts.o
    0x00013836   0x00013836   0x00000002   PAD
    0x00013838   0x00013838   0x00000016   Code   RO          344    .text.IRQ048_Handler  hc32_ll_interrupts.o
    0x0001384e   0x0001384e   0x00000002   PAD
    0x00013850   0x00013850   0x00000016   Code   RO          346    .text.IRQ049_Handler  hc32_ll_interrupts.o
    0x00013866   0x00013866   0x00000002   PAD
    0x00013868   0x00013868   0x00000016   Code   RO          348    .text.IRQ050_Handler  hc32_ll_interrupts.o
    0x0001387e   0x0001387e   0x00000002   PAD
    0x00013880   0x00013880   0x00000016   Code   RO          350    .text.IRQ051_Handler  hc32_ll_interrupts.o
    0x00013896   0x00013896   0x00000002   PAD
    0x00013898   0x00013898   0x00000016   Code   RO          352    .text.IRQ052_Handler  hc32_ll_interrupts.o
    0x000138ae   0x000138ae   0x00000002   PAD
    0x000138b0   0x000138b0   0x00000016   Code   RO          354    .text.IRQ053_Handler  hc32_ll_interrupts.o
    0x000138c6   0x000138c6   0x00000002   PAD
    0x000138c8   0x000138c8   0x00000016   Code   RO          356    .text.IRQ054_Handler  hc32_ll_interrupts.o
    0x000138de   0x000138de   0x00000002   PAD
    0x000138e0   0x000138e0   0x00000016   Code   RO          358    .text.IRQ055_Handler  hc32_ll_interrupts.o
    0x000138f6   0x000138f6   0x00000002   PAD
    0x000138f8   0x000138f8   0x00000016   Code   RO          360    .text.IRQ056_Handler  hc32_ll_interrupts.o
    0x0001390e   0x0001390e   0x00000002   PAD
    0x00013910   0x00013910   0x00000016   Code   RO          362    .text.IRQ057_Handler  hc32_ll_interrupts.o
    0x00013926   0x00013926   0x00000002   PAD
    0x00013928   0x00013928   0x00000016   Code   RO          364    .text.IRQ058_Handler  hc32_ll_interrupts.o
    0x0001393e   0x0001393e   0x00000002   PAD
    0x00013940   0x00013940   0x00000016   Code   RO          366    .text.IRQ059_Handler  hc32_ll_interrupts.o
    0x00013956   0x00013956   0x00000002   PAD
    0x00013958   0x00013958   0x00000016   Code   RO          368    .text.IRQ060_Handler  hc32_ll_interrupts.o
    0x0001396e   0x0001396e   0x00000002   PAD
    0x00013970   0x00013970   0x00000016   Code   RO          370    .text.IRQ061_Handler  hc32_ll_interrupts.o
    0x00013986   0x00013986   0x00000002   PAD
    0x00013988   0x00013988   0x00000016   Code   RO          372    .text.IRQ062_Handler  hc32_ll_interrupts.o
    0x0001399e   0x0001399e   0x00000002   PAD
    0x000139a0   0x000139a0   0x00000016   Code   RO          374    .text.IRQ063_Handler  hc32_ll_interrupts.o
    0x000139b6   0x000139b6   0x00000002   PAD
    0x000139b8   0x000139b8   0x00000016   Code   RO          376    .text.IRQ064_Handler  hc32_ll_interrupts.o
    0x000139ce   0x000139ce   0x00000002   PAD
    0x000139d0   0x000139d0   0x00000016   Code   RO          378    .text.IRQ065_Handler  hc32_ll_interrupts.o
    0x000139e6   0x000139e6   0x00000002   PAD
    0x000139e8   0x000139e8   0x00000016   Code   RO          380    .text.IRQ066_Handler  hc32_ll_interrupts.o
    0x000139fe   0x000139fe   0x00000002   PAD
    0x00013a00   0x00013a00   0x00000016   Code   RO          382    .text.IRQ067_Handler  hc32_ll_interrupts.o
    0x00013a16   0x00013a16   0x00000002   PAD
    0x00013a18   0x00013a18   0x00000016   Code   RO          384    .text.IRQ068_Handler  hc32_ll_interrupts.o
    0x00013a2e   0x00013a2e   0x00000002   PAD
    0x00013a30   0x00013a30   0x00000016   Code   RO          386    .text.IRQ069_Handler  hc32_ll_interrupts.o
    0x00013a46   0x00013a46   0x00000002   PAD
    0x00013a48   0x00013a48   0x00000016   Code   RO          388    .text.IRQ070_Handler  hc32_ll_interrupts.o
    0x00013a5e   0x00013a5e   0x00000002   PAD
    0x00013a60   0x00013a60   0x00000016   Code   RO          390    .text.IRQ071_Handler  hc32_ll_interrupts.o
    0x00013a76   0x00013a76   0x00000002   PAD
    0x00013a78   0x00013a78   0x00000016   Code   RO          392    .text.IRQ072_Handler  hc32_ll_interrupts.o
    0x00013a8e   0x00013a8e   0x00000002   PAD
    0x00013a90   0x00013a90   0x00000016   Code   RO          394    .text.IRQ073_Handler  hc32_ll_interrupts.o
    0x00013aa6   0x00013aa6   0x00000002   PAD
    0x00013aa8   0x00013aa8   0x00000016   Code   RO          396    .text.IRQ074_Handler  hc32_ll_interrupts.o
    0x00013abe   0x00013abe   0x00000002   PAD
    0x00013ac0   0x00013ac0   0x00000016   Code   RO          398    .text.IRQ075_Handler  hc32_ll_interrupts.o
    0x00013ad6   0x00013ad6   0x00000002   PAD
    0x00013ad8   0x00013ad8   0x00000016   Code   RO          400    .text.IRQ076_Handler  hc32_ll_interrupts.o
    0x00013aee   0x00013aee   0x00000002   PAD
    0x00013af0   0x00013af0   0x00000016   Code   RO          402    .text.IRQ077_Handler  hc32_ll_interrupts.o
    0x00013b06   0x00013b06   0x00000002   PAD
    0x00013b08   0x00013b08   0x00000016   Code   RO          404    .text.IRQ078_Handler  hc32_ll_interrupts.o
    0x00013b1e   0x00013b1e   0x00000002   PAD
    0x00013b20   0x00013b20   0x00000016   Code   RO          406    .text.IRQ079_Handler  hc32_ll_interrupts.o
    0x00013b36   0x00013b36   0x00000002   PAD
    0x00013b38   0x00013b38   0x00000016   Code   RO          408    .text.IRQ080_Handler  hc32_ll_interrupts.o
    0x00013b4e   0x00013b4e   0x00000002   PAD
    0x00013b50   0x00013b50   0x00000016   Code   RO          410    .text.IRQ081_Handler  hc32_ll_interrupts.o
    0x00013b66   0x00013b66   0x00000002   PAD
    0x00013b68   0x00013b68   0x00000016   Code   RO          412    .text.IRQ082_Handler  hc32_ll_interrupts.o
    0x00013b7e   0x00013b7e   0x00000002   PAD
    0x00013b80   0x00013b80   0x00000016   Code   RO          414    .text.IRQ083_Handler  hc32_ll_interrupts.o
    0x00013b96   0x00013b96   0x00000002   PAD
    0x00013b98   0x00013b98   0x00000016   Code   RO          416    .text.IRQ084_Handler  hc32_ll_interrupts.o
    0x00013bae   0x00013bae   0x00000002   PAD
    0x00013bb0   0x00013bb0   0x00000016   Code   RO          418    .text.IRQ085_Handler  hc32_ll_interrupts.o
    0x00013bc6   0x00013bc6   0x00000002   PAD
    0x00013bc8   0x00013bc8   0x00000016   Code   RO          420    .text.IRQ086_Handler  hc32_ll_interrupts.o
    0x00013bde   0x00013bde   0x00000002   PAD
    0x00013be0   0x00013be0   0x00000016   Code   RO          422    .text.IRQ087_Handler  hc32_ll_interrupts.o
    0x00013bf6   0x00013bf6   0x00000002   PAD
    0x00013bf8   0x00013bf8   0x00000016   Code   RO          424    .text.IRQ088_Handler  hc32_ll_interrupts.o
    0x00013c0e   0x00013c0e   0x00000002   PAD
    0x00013c10   0x00013c10   0x00000016   Code   RO          426    .text.IRQ089_Handler  hc32_ll_interrupts.o
    0x00013c26   0x00013c26   0x00000002   PAD
    0x00013c28   0x00013c28   0x00000016   Code   RO          428    .text.IRQ090_Handler  hc32_ll_interrupts.o
    0x00013c3e   0x00013c3e   0x00000002   PAD
    0x00013c40   0x00013c40   0x00000016   Code   RO          430    .text.IRQ091_Handler  hc32_ll_interrupts.o
    0x00013c56   0x00013c56   0x00000002   PAD
    0x00013c58   0x00013c58   0x00000016   Code   RO          432    .text.IRQ092_Handler  hc32_ll_interrupts.o
    0x00013c6e   0x00013c6e   0x00000002   PAD
    0x00013c70   0x00013c70   0x00000016   Code   RO          434    .text.IRQ093_Handler  hc32_ll_interrupts.o
    0x00013c86   0x00013c86   0x00000002   PAD
    0x00013c88   0x00013c88   0x00000016   Code   RO          436    .text.IRQ094_Handler  hc32_ll_interrupts.o
    0x00013c9e   0x00013c9e   0x00000002   PAD
    0x00013ca0   0x00013ca0   0x00000016   Code   RO          438    .text.IRQ095_Handler  hc32_ll_interrupts.o
    0x00013cb6   0x00013cb6   0x00000002   PAD
    0x00013cb8   0x00013cb8   0x00000016   Code   RO          440    .text.IRQ096_Handler  hc32_ll_interrupts.o
    0x00013cce   0x00013cce   0x00000002   PAD
    0x00013cd0   0x00013cd0   0x00000016   Code   RO          442    .text.IRQ097_Handler  hc32_ll_interrupts.o
    0x00013ce6   0x00013ce6   0x00000002   PAD
    0x00013ce8   0x00013ce8   0x00000016   Code   RO          444    .text.IRQ098_Handler  hc32_ll_interrupts.o
    0x00013cfe   0x00013cfe   0x00000002   PAD
    0x00013d00   0x00013d00   0x00000016   Code   RO          446    .text.IRQ099_Handler  hc32_ll_interrupts.o
    0x00013d16   0x00013d16   0x00000002   PAD
    0x00013d18   0x00013d18   0x00000016   Code   RO          448    .text.IRQ100_Handler  hc32_ll_interrupts.o
    0x00013d2e   0x00013d2e   0x00000002   PAD
    0x00013d30   0x00013d30   0x00000016   Code   RO          450    .text.IRQ101_Handler  hc32_ll_interrupts.o
    0x00013d46   0x00013d46   0x00000002   PAD
    0x00013d48   0x00013d48   0x00000016   Code   RO          452    .text.IRQ102_Handler  hc32_ll_interrupts.o
    0x00013d5e   0x00013d5e   0x00000002   PAD
    0x00013d60   0x00013d60   0x00000016   Code   RO          454    .text.IRQ103_Handler  hc32_ll_interrupts.o
    0x00013d76   0x00013d76   0x00000002   PAD
    0x00013d78   0x00013d78   0x00000016   Code   RO          456    .text.IRQ104_Handler  hc32_ll_interrupts.o
    0x00013d8e   0x00013d8e   0x00000002   PAD
    0x00013d90   0x00013d90   0x00000016   Code   RO          458    .text.IRQ105_Handler  hc32_ll_interrupts.o
    0x00013da6   0x00013da6   0x00000002   PAD
    0x00013da8   0x00013da8   0x00000016   Code   RO          460    .text.IRQ106_Handler  hc32_ll_interrupts.o
    0x00013dbe   0x00013dbe   0x00000002   PAD
    0x00013dc0   0x00013dc0   0x00000016   Code   RO          462    .text.IRQ107_Handler  hc32_ll_interrupts.o
    0x00013dd6   0x00013dd6   0x00000002   PAD
    0x00013dd8   0x00013dd8   0x00000016   Code   RO          464    .text.IRQ108_Handler  hc32_ll_interrupts.o
    0x00013dee   0x00013dee   0x00000002   PAD
    0x00013df0   0x00013df0   0x00000016   Code   RO          466    .text.IRQ109_Handler  hc32_ll_interrupts.o
    0x00013e06   0x00013e06   0x00000002   PAD
    0x00013e08   0x00013e08   0x00000016   Code   RO          468    .text.IRQ110_Handler  hc32_ll_interrupts.o
    0x00013e1e   0x00013e1e   0x00000002   PAD
    0x00013e20   0x00013e20   0x00000016   Code   RO          470    .text.IRQ111_Handler  hc32_ll_interrupts.o
    0x00013e36   0x00013e36   0x00000002   PAD
    0x00013e38   0x00013e38   0x00000016   Code   RO          472    .text.IRQ112_Handler  hc32_ll_interrupts.o
    0x00013e4e   0x00013e4e   0x00000002   PAD
    0x00013e50   0x00013e50   0x00000016   Code   RO          474    .text.IRQ113_Handler  hc32_ll_interrupts.o
    0x00013e66   0x00013e66   0x00000002   PAD
    0x00013e68   0x00013e68   0x00000016   Code   RO          476    .text.IRQ114_Handler  hc32_ll_interrupts.o
    0x00013e7e   0x00013e7e   0x00000002   PAD
    0x00013e80   0x00013e80   0x00000016   Code   RO          478    .text.IRQ115_Handler  hc32_ll_interrupts.o
    0x00013e96   0x00013e96   0x00000002   PAD
    0x00013e98   0x00013e98   0x00000016   Code   RO          480    .text.IRQ116_Handler  hc32_ll_interrupts.o
    0x00013eae   0x00013eae   0x00000002   PAD
    0x00013eb0   0x00013eb0   0x00000016   Code   RO          482    .text.IRQ117_Handler  hc32_ll_interrupts.o
    0x00013ec6   0x00013ec6   0x00000002   PAD
    0x00013ec8   0x00013ec8   0x00000016   Code   RO          484    .text.IRQ118_Handler  hc32_ll_interrupts.o
    0x00013ede   0x00013ede   0x00000002   PAD
    0x00013ee0   0x00013ee0   0x00000016   Code   RO          486    .text.IRQ119_Handler  hc32_ll_interrupts.o
    0x00013ef6   0x00013ef6   0x00000002   PAD
    0x00013ef8   0x00013ef8   0x00000016   Code   RO          488    .text.IRQ120_Handler  hc32_ll_interrupts.o
    0x00013f0e   0x00013f0e   0x00000002   PAD
    0x00013f10   0x00013f10   0x00000016   Code   RO          490    .text.IRQ121_Handler  hc32_ll_interrupts.o
    0x00013f26   0x00013f26   0x00000002   PAD
    0x00013f28   0x00013f28   0x00000016   Code   RO          492    .text.IRQ122_Handler  hc32_ll_interrupts.o
    0x00013f3e   0x00013f3e   0x00000002   PAD
    0x00013f40   0x00013f40   0x00000016   Code   RO          494    .text.IRQ123_Handler  hc32_ll_interrupts.o
    0x00013f56   0x00013f56   0x00000002   PAD
    0x00013f58   0x00013f58   0x00000016   Code   RO          496    .text.IRQ124_Handler  hc32_ll_interrupts.o
    0x00013f6e   0x00013f6e   0x00000002   PAD
    0x00013f70   0x00013f70   0x00000016   Code   RO          498    .text.IRQ125_Handler  hc32_ll_interrupts.o
    0x00013f86   0x00013f86   0x00000002   PAD
    0x00013f88   0x00013f88   0x00000016   Code   RO          500    .text.IRQ126_Handler  hc32_ll_interrupts.o
    0x00013f9e   0x00013f9e   0x00000002   PAD
    0x00013fa0   0x00013fa0   0x00000016   Code   RO          502    .text.IRQ127_Handler  hc32_ll_interrupts.o
    0x00013fb6   0x00013fb6   0x00000002   PAD
    0x00013fb8   0x00013fb8   0x0000007a   Code   RO            2    .text.LL_PERIPH_WE  hc32_ll.o
    0x00014032   0x00014032   0x00000002   PAD
    0x00014034   0x00014034   0x00000094   Code   RO          760    .text.LL_PrintfInit  hc32_ll_utility.o
    0x000140c8   0x000140c8   0x0000003a   Code   RO          562    .text.PWC_HighSpeedToHighPerformance  hc32_ll_pwc.o
    0x00014102   0x00014102   0x00000002   PAD
    0x00014104   0x00014104   0x0000003c   Code   RO         1187    .text.RX_DMA_TC_IrqCallback  uart_dma.o
    0x00014140   0x00014140   0x0000004e   Code   RO         1149    .text.Read_ASW2     flash.o
    0x0001418e   0x0001418e   0x00000002   PAD
    0x00014190   0x00014190   0x0000004e   Code   RO         1151    .text.Read_AVSW     flash.o
    0x000141de   0x000141de   0x00000002   PAD
    0x000141e0   0x000141e0   0x0000000e   Code   RO         1250    .text.Reser_Status  videoprocess.o
    0x000141ee   0x000141ee   0x00000002   PAD
    0x000141f0   0x000141f0   0x000000c0   Code   RO          635    .text.SRAM_SetWaitCycle  hc32_ll_sram.o
    0x000142b0   0x000142b0   0x00000020   Code   RO         1242    .text.Signal_led    videoprocess.o
    0x000142d0   0x000142d0   0x00000096   Code   RO         1300    .text.SystemCoreClockUpdate  system_hc32f460.o
    0x00014366   0x00014366   0x00000002   PAD
    0x00014368   0x00014368   0x000000b2   Code   RO         1298    .text.SystemInit    system_hc32f460.o
    0x0001441a   0x0001441a   0x00000002   PAD
    0x0001441c   0x0001441c   0x000000de   Code   RO         1071    .text.TMR02_A_Config  ev_hc32f460_lqfp100_v2.o
    0x000144fa   0x000144fa   0x00000002   PAD
    0x000144fc   0x000144fc   0x000001a2   Code   RO         1073    .text.TMR0_CHA_CompareIrqCallback  ev_hc32f460_lqfp100_v2.o
    0x0001469e   0x0001469e   0x00000002   PAD
    0x000146a0   0x000146a0   0x0000004a   Code   RO          828    .text.TMR0_ClearStatus  hc32_ll_tmr0.o
    0x000146ea   0x000146ea   0x00000002   PAD
    0x000146ec   0x000146ec   0x00000074   Code   RO          822    .text.TMR0_HWClearCondCmd  hc32_ll_tmr0.o
    0x00014760   0x00014760   0x00000074   Code   RO          818    .text.TMR0_HWStartCondCmd  hc32_ll_tmr0.o
    0x000147d4   0x000147d4   0x00000074   Code   RO          820    .text.TMR0_HWStopCondCmd  hc32_ll_tmr0.o
    0x00014848   0x00014848   0x000000d4   Code   RO          794    .text.TMR0_Init     hc32_ll_tmr0.o
    0x0001491c   0x0001491c   0x00000066   Code   RO          824    .text.TMR0_IntCmd   hc32_ll_tmr0.o
    0x00014982   0x00014982   0x00000002   PAD
    0x00014984   0x00014984   0x0000004c   Code   RO          798    .text.TMR0_Start    hc32_ll_tmr0.o
    0x000149d0   0x000149d0   0x00000052   Code   RO          800    .text.TMR0_Stop     hc32_ll_tmr0.o
    0x00014a22   0x00014a22   0x00000002   PAD
    0x00014a24   0x00014a24   0x0000001c   Code   RO          796    .text.TMR0_StructInit  hc32_ll_tmr0.o
    0x00014a40   0x00014a40   0x00000022   Code   RO         1189    .text.TX_DMA_TC_IrqCallback  uart_dma.o
    0x00014a62   0x00014a62   0x00000002   PAD
    0x00014a64   0x00014a64   0x00000090   Code   RO          678    .text.USART_ClearStatus  hc32_ll_usart.o
    0x00014af4   0x00014af4   0x0000009a   Code   RO          674    .text.USART_FuncCmd  hc32_ll_usart.o
    0x00014b8e   0x00014b8e   0x00000002   PAD
    0x00014b90   0x00014b90   0x00000060   Code   RO          708    .text.USART_ReadData  hc32_ll_usart.o
    0x00014bf0   0x00014bf0   0x0000001c   Code   RO         1197    .text.USART_RxError_IrqCallback  uart_dma.o
    0x00014c0c   0x00014c0c   0x00000054   Code   RO         1193    .text.USART_RxTimeout_IrqCallback  uart_dma.o
    0x00014c60   0x00014c60   0x0000056c   Code   RO          658    .text.USART_SetBaudrate  hc32_ll_usart.o
    0x000151cc   0x000151cc   0x00000072   Code   RO          694    .text.USART_SetClockDiv  hc32_ll_usart.o
    0x0001523e   0x0001523e   0x00000002   PAD
    0x00015240   0x00015240   0x0000003e   Code   RO         1195    .text.USART_TxComplete_IrqCallback  uart_dma.o
    0x0001527e   0x0001527e   0x00000002   PAD
    0x00015280   0x00015280   0x000001de   Code   RO          666    .text.USART_UART_Init  hc32_ll_usart.o
    0x0001545e   0x0001545e   0x00000002   PAD
    0x00015460   0x00015460   0x00000030   Code   RO          664    .text.USART_UART_StructInit  hc32_ll_usart.o
    0x00015490   0x00015490   0x00000146   Code   RO         1147    .text.Video_ReadNot2  flash.o
    0x000155d6   0x000155d6   0x00000002   PAD
    0x000155d8   0x000155d8   0x0000000a   Code   RO         1234    .text.Video_Sw      videoprocess.o
    0x000155e2   0x000155e2   0x00000002   PAD
    0x000155e4   0x000155e4   0x0000019c   Code   RO         1329    .text.cm_backtrace_call_stack  cm_backtrace.o
    0x00015780   0x00015780   0x00000624   Code   RO         1337    .text.cm_backtrace_fault  cm_backtrace.o
    0x00015da4   0x00015da4   0x000001bc   Code   RO         1240    .text.detect_loop   videoprocess.o
    0x00015f60   0x00015f60   0x00000128   Code   RO         1333    .text.dump_stack    cm_backtrace.o
    0x00016088   0x00016088   0x00000016   Code   RO          756    .text.fputc         hc32_ll_utility.o
    0x0001609e   0x0001609e   0x00000002   PAD
    0x000160a0   0x000160a0   0x000002e4   Code   RO         1205    .text.get_mode      uart_dma.o
    0x00016384   0x00016384   0x000000ac   Code   RO         1174    .text.i2c_init      i2c.o
    0x00016430   0x00016430   0x00000272   Code   RO         1121    .text.main          main.o
    0x000166a2   0x000166a2   0x00000002   PAD
    0x000166a4   0x000166a4   0x00000154   Code   RO         1153    .text.mem_settings  flash.o
    0x000167f8   0x000167f8   0x000000e8   Code   RO         1335    .text.print_call_stack  cm_backtrace.o
    0x000168e0   0x000168e0   0x00000048   Code   RO         1236    .text.set_ace       videoprocess.o
    0x00016928   0x00016928   0x00000042   Code   RO         1228    .text.set_double_line  videoprocess.o
    0x0001696a   0x0001696a   0x00000002   PAD
    0x0001696c   0x0001696c   0x00000042   Code   RO         1230    .text.set_smooth    videoprocess.o
    0x000169ae   0x000169ae   0x00000002   PAD
    0x000169b0   0x000169b0   0x00000688   Code   RO         1203    .text.signal_turn   uart_dma.o
    0x00017038   0x00017038   0x000001f6   Code   RO         1199    .text.uart_dma_init  uart_dma.o
    0x0001722e   0x0001722e   0x00000002   PAD
    0x00017230   0x00017230   0x0000003c   Code   RO         1232    .text.video_Deinit  videoprocess.o
    0x0001726c   0x0001726c   0x00000248   Code   RO         1222    .text.video_init    videoprocess.o
    0x000174b4   0x000174b4   0x00000020   Code   RO         1586    i.__0printf$8       mc_w.l(printf8.o)
    0x000174d4   0x000174d4   0x00000028   Code   RO         1588    i.__0sprintf$8      mc_w.l(printf8.o)
    0x000174fc   0x000174fc   0x0000000e   Code   RO         1696    i.__scatterload_copy  mc_w.l(handlers.o)
    0x0001750a   0x0001750a   0x00000002   Code   RO         1697    i.__scatterload_null  mc_w.l(handlers.o)
    0x0001750c   0x0001750c   0x0000000e   Code   RO         1698    i.__scatterload_zeroinit  mc_w.l(handlers.o)
    0x0001751a   0x0001751a   0x00000002   PAD
    0x0001751c   0x0001751c   0x00000410   Code   RO         1593    i._printf_core      mc_w.l(printf8.o)
    0x0001792c   0x0001792c   0x00000024   Code   RO         1594    i._printf_post_padding  mc_w.l(printf8.o)
    0x00017950   0x00017950   0x0000002e   Code   RO         1595    i._printf_pre_padding  mc_w.l(printf8.o)
    0x0001797e   0x0001797e   0x0000000a   Code   RO         1597    i._sputc            mc_w.l(printf8.o)
    0x00017988   0x00017988   0x00000024   Code   RO         1366    i.puts              mc_w.l(puts.o)
    0x000179ac   0x000179ac   0x00000006   Data   RO         1289    .rodata..Lswitch.table.Signal_led  videoprocess.o
    0x000179b2   0x000179b2   0x0000000f   Data   RO         1265    .rodata.I2C_COMMANDS_I2P_OFF_p  videoprocess.o
    0x000179c1   0x000179c1   0x00000001   PAD
    0x000179c2   0x000179c2   0x00000010   Data   RO          729    .rodata.cst16       hc32_ll_usart.o
    0x000179d2   0x000179d2   0x0000002f   Data   RO           86    .rodata.str1.1      hc32_ll_clk.o
    0x00017a01   0x00017a01   0x0000002f   Data   RO          159    .rodata.str1.1      hc32_ll_efm.o
    0x00017a30   0x00017a30   0x00000030   Data   RO          206    .rodata.str1.1      hc32_ll_gpio.o
    0x00017a60   0x00017a60   0x00000036   Data   RO          504    .rodata.str1.1      hc32_ll_interrupts.o
    0x00017a96   0x00017a96   0x0000002f   Data   RO          619    .rodata.str1.1      hc32_ll_pwc.o
    0x00017ac5   0x00017ac5   0x00000030   Data   RO          645    .rodata.str1.1      hc32_ll_sram.o
    0x00017af5   0x00017af5   0x00000031   Data   RO          728    .rodata.str1.1      hc32_ll_usart.o
    0x00017b26   0x00017b26   0x0000002f   Data   RO          783    .rodata.str1.1      hc32_ll_fcg.o
    0x00017b55   0x00017b55   0x00000030   Data   RO          830    .rodata.str1.1      hc32_ll_tmr0.o
    0x00017b85   0x00017b85   0x0000002f   Data   RO          917    .rodata.str1.1      hc32_ll_i2c.o
    0x00017bb4   0x00017bb4   0x0000002f   Data   RO          962    .rodata.str1.1      hc32_ll_aos.o
    0x00017be3   0x00017be3   0x0000002f   Data   RO         1061    .rodata.str1.1      hc32_ll_dma.o
    0x00017c12   0x00017c12   0x0000000d   Data   RO         1176    .rodata.str1.1      i2c.o
    0x00017c1f   0x00017c1f   0x0000000d   Data   RO         1211    .rodata.str1.1      uart_dma.o
    0x00017c2c   0x00017c2c   0x0000006e   Data   RO         1277    .rodata.str1.1      videoprocess.o
    0x00017c9a   0x00017c9a   0x000004e9   Data   RO         1350    .rodata.str1.1      cm_backtrace.o
    0x00018183   0x00018183   0x00000001   PAD
    0x00018184   0x00018184   0x00000020   Data   RO         1695    Region$$Table       anon$$obj.o


    Execution Region RW_IRAM1 (Exec base: 0x1fff8000, Load base: 0x000181a8, Size: 0x00001418, Max: 0x0002f000, ABSOLUTE)

    Exec Addr    Load Addr    Size         Type   Attr      Idx    E Section Name        Object

    0x1fff8000   0x000181a8   0x00000004   Data   RW         1372    .data               mc_w.l(stdout.o)
    0x1fff8004   0x000181ac   0x00000009   Data   RW         1275    .data.Ace_Code_OFF  videoprocess.o
    0x1fff800d   0x000181b5   0x00000009   Data   RW         1274    .data.Ace_Code_ON   videoprocess.o
    0x1fff8016   0x000181be   0x00000001   Data   RW         1261    .data.Contrast      videoprocess.o
    0x1fff8017   0x000181bf   0x0000007b   Data   RW         1273    .data.I2C_AUTO_COMMANDS  videoprocess.o
    0x1fff8092   0x0001823a   0x0000000c   Data   RW         1269    .data.I2C_COMMANDS_BCSH  videoprocess.o
    0x1fff809e   0x00018246   0x0000000f   Data   RW         1271    .data.I2C_COMMANDS_CVBS_INPUT  videoprocess.o
    0x1fff80ad   0x00018255   0x0000000f   Data   RW         1264    .data.I2C_COMMANDS_I2P_ON  videoprocess.o
    0x1fff80bc   0x00018264   0x00000009   Data   RW         1267    .data.I2C_COMMANDS_SMOOTH_OFF  videoprocess.o
    0x1fff80c5   0x0001826d   0x00000009   Data   RW         1268    .data.I2C_COMMANDS_SMOOTH_ON  videoprocess.o
    0x1fff80ce   0x00018276   0x0000000f   Data   RW         1270    .data.I2C_COMMANDS_YC_INPUT  videoprocess.o
    0x1fff80dd   0x00018285   0x00000001   Data   RW         1262    .data.Saturation    videoprocess.o
    0x1fff80de   0x00018286   0x00000001   Data   RW         1253    .data.adv_double    videoprocess.o
    0x1fff80df   0x00018287   0x00000001   Data   RW         1257    .data.adv_tv        videoprocess.o
    0x1fff80e0        -       0x00000001   Zero   RW         1287    .bss.AVsw           videoprocess.o
    0x1fff80e1        -       0x00000001   Zero   RW         1252    .bss.Adv_7391_sw    videoprocess.o
    0x1fff80e2        -       0x00000001   Zero   RW         1260    .bss.Bright         videoprocess.o
    0x1fff80e3        -       0x00000001   Zero   RW         1062    .bss.DMA_ChCmd.u8DmaChEnState  hc32_ll_dma.o
    0x1fff80e4        -       0x00000020   Zero   RW         1207    .bss.DMA_Config.stcLlpDesc  uart_dma.o
    0x1fff8104        -       0x00000004   Zero   RW         1304    .bss.HRC_VALUE      system_hc32f460.o
    0x1fff8108        -       0x00000001   Zero   RW         1263    .bss.Input_signal   videoprocess.o
    0x1fff8109        -       0x00000001   Zero   RW         1129    .bss.Key_Read.key_up  main.o
    0x1fff810a   0x00018288   0x00000002   PAD
    0x1fff810c        -       0x00000004   Zero   RW         1305    .bss.SystemCoreClock  system_hc32f460.o
    0x1fff8110        -       0x00000004   Zero   RW         1101    .bss.TMR0_CHA_CompareIrqCallback.u32TmrCnt  ev_hc32f460_lqfp100_v2.o
    0x1fff8114        -       0x00000001   Zero   RW         1255    .bss.adv_ace        videoprocess.o
    0x1fff8115        -       0x00000001   Zero   RW         1276    .bss.adv_input      videoprocess.o
    0x1fff8116        -       0x00000001   Zero   RW         1254    .bss.adv_smooth     videoprocess.o
    0x1fff8117        -       0x00000001   Zero   RW         1256    .bss.adv_sw         videoprocess.o
    0x1fff8118        -       0x00000001   Zero   RW         1283    .bss.asw_01         videoprocess.o
    0x1fff8119        -       0x00000001   Zero   RW         1284    .bss.asw_02         videoprocess.o
    0x1fff811a        -       0x00000001   Zero   RW         1285    .bss.asw_03         videoprocess.o
    0x1fff811b        -       0x00000001   Zero   RW         1286    .bss.asw_04         videoprocess.o
    0x1fff811c        -       0x00000001   Zero   RW         1259    .bss.c_state        videoprocess.o
    0x1fff811d        -       0x00000120   Zero   RW         1351    .bss.call_stack_info  cm_backtrace.o
    0x1fff823d   0x00018288   0x00000003   PAD
    0x1fff8240        -       0x00000001   Zero   RW         1345    .bss.code_size      cm_backtrace.o
    0x1fff8241   0x00018288   0x00000003   PAD
    0x1fff8244        -       0x00000001   Zero   RW         1344    .bss.code_start_addr  cm_backtrace.o
    0x1fff8245   0x00018288   0x00000003   PAD
    0x1fff8248        -       0x000001f4   Zero   RW         1208    .bss.dma_au8RxBuf   uart_dma.o
    0x1fff843c        -       0x00000001   Zero   RW         1258    .bss.err_flag       videoprocess.o
    0x1fff843d        -       0x00000021   Zero   RW         1339    .bss.fw_name        cm_backtrace.o
    0x1fff845e        -       0x00000002   Zero   RW         1104    .bss.g_u16_key_timer  ev_hc32f460_lqfp100_v2.o
    0x1fff8460        -       0x00000002   Zero   RW         1107    .bss.g_u16_led_timer  ev_hc32f460_lqfp100_v2.o
    0x1fff8462        -       0x00000002   Zero   RW         1105    .bss.g_u16_mis_timer  ev_hc32f460_lqfp100_v2.o
    0x1fff8464        -       0x00000002   Zero   RW         1106    .bss.g_u16_osd_timer  ev_hc32f460_lqfp100_v2.o
    0x1fff8466        -       0x00000002   Zero   RW         1103    .bss.g_u16_sys_timer  ev_hc32f460_lqfp100_v2.o
    0x1fff8468        -       0x00000021   Zero   RW         1340    .bss.hw_ver         cm_backtrace.o
    0x1fff8489        -       0x00000001   Zero   RW         1346    .bss.init_ok        cm_backtrace.o
    0x1fff848a        -       0x00000001   Zero   RW         1099    .bss.led_state      ev_hc32f460_lqfp100_v2.o
    0x1fff848b        -       0x00000001   Zero   RW         1100    .bss.led_sw         ev_hc32f460_lqfp100_v2.o
    0x1fff848c        -       0x00000200   Zero   RW          505    .bss.m_apfnIrqHandler  hc32_ll_interrupts.o
    0x1fff868c        -       0x00000001   Zero   RW         1209    .bss.m_enRxFrameEnd  uart_dma.o
    0x1fff868d   0x00018288   0x00000003   PAD
    0x1fff8690        -       0x00000004   Zero   RW          764    .bss.m_pvPrintDevice  hc32_ll_utility.o
    0x1fff8694        -       0x00000002   Zero   RW         1210    .bss.m_u16RxLen     uart_dma.o
    0x1fff8696   0x00018288   0x00000002   PAD
    0x1fff8698        -       0x00000004   Zero   RW          765    .bss.m_u32PrintTimeout  hc32_ll_utility.o
    0x1fff869c        -       0x00000001   Zero   RW         1128    .bss.main.Input_signal_last  main.o
    0x1fff869d   0x00018288   0x00000003   PAD
    0x1fff86a0        -       0x00000001   Zero   RW         1343    .bss.main_stack_size  cm_backtrace.o
    0x1fff86a1   0x00018288   0x00000003   PAD
    0x1fff86a4        -       0x00000001   Zero   RW         1342    .bss.main_stack_start_addr  cm_backtrace.o
    0x1fff86a5        -       0x00000001   Zero   RW         1347    .bss.on_fault       cm_backtrace.o
    0x1fff86a6   0x00018288   0x00000002   PAD
    0x1fff86a8        -       0x00000044   Zero   RW         1349    .bss.regs           cm_backtrace.o
    0x1fff86ec        -       0x00000001   Zero   RW         1348    .bss.stack_is_overflow  cm_backtrace.o
    0x1fff86ed        -       0x00000001   Zero   RW         1282    .bss.status         videoprocess.o
    0x1fff86ee        -       0x00000021   Zero   RW         1341    .bss.sw_ver         cm_backtrace.o
    0x1fff870f   0x00018288   0x00000001   PAD
    0x1fff8710        -       0x00000004   Zero   RW         1102    .bss.timer0_CHB_count  ev_hc32f460_lqfp100_v2.o
    0x1fff8714        -       0x00000100   Zero   RW         1155    .bss.u8_buf         flash.o
    0x1fff8814   0x00018288   0x00000004   PAD
    0x1fff8818        -       0x00000c00   Zero   RW         1313    STACK               startup_hc32f460.o

